###############################################################################
#
# IAR ELF Linker V9.10.1.308/W64 for ARM                  09/Apr/2021  21:34:06
# Copyright 2007-2021 IAR Systems AB.
#
#    Output file  =
#        E:\Universidade\2020_2\Sistemas
#        Embarcados\Laboratorio6\Projects\temporizador\ewarm\Exe\temporizador.out
#    Map file     =
#        E:\Universidade\2020_2\Sistemas
#        Embarcados\Laboratorio6\Projects\temporizador\ewarm\List\temporizador.map
#    Command line =
#        -f "E:\Universidade\2020_2\Sistemas
#        Embarcados\Laboratorio6\Projects\temporizador\ewarm\Exe\temporizador.out.rsp"
#        ("E:\Universidade\2020_2\Sistemas
#        Embarcados\Laboratorio6\Projects\temporizador\ewarm\Obj\driverleds.o"
#        "E:\Universidade\2020_2\Sistemas
#        Embarcados\Laboratorio6\TivaWare_C_Series-2.1.4.178\driverlib\ewarm\Exe\driverlib.a"
#        "E:\Universidade\2020_2\Sistemas
#        Embarcados\Laboratorio6\CMSIS-5.6.0\CMSIS\RTOS2\RTX\Library\IAR\IDE\CM4F\Exe\RTX_CM.a"
#        "E:\Universidade\2020_2\Sistemas
#        Embarcados\Laboratorio6\Projects\temporizador\ewarm\Obj\RTX_Config.o"
#        "E:\Universidade\2020_2\Sistemas
#        Embarcados\Laboratorio6\Projects\temporizador\ewarm\Obj\rtx_lib.o"
#        "E:\Universidade\2020_2\Sistemas
#        Embarcados\Laboratorio6\Projects\temporizador\ewarm\Obj\startup_TM4C1294.o"
#        "E:\Universidade\2020_2\Sistemas
#        Embarcados\Laboratorio6\Projects\temporizador\ewarm\Obj\system_TM4C1294_TW.o"
#        "E:\Universidade\2020_2\Sistemas
#        Embarcados\Laboratorio6\Projects\temporizador\ewarm\Obj\temporizador.o"
#        --no_out_extension -o "E:\Universidade\2020_2\Sistemas
#        Embarcados\Laboratorio6\Projects\temporizador\ewarm\Exe\temporizador.out"
#        --map "E:\Universidade\2020_2\Sistemas
#        Embarcados\Laboratorio6\Projects\temporizador\ewarm\List\temporizador.map"
#        --config "C:\Program Files\IAR Systems\Embedded Workbench
#        9.0\arm\config\linker\TexasInstruments\TM4C1294NC.icf" --semihosting
#        --entry __iar_program_start --vfe --text_out locale)
#
###############################################################################

*******************************************************************************
*** RUNTIME MODEL ATTRIBUTES
***

CppFlavor       = *
__SystemLibrary = DLib
__dlib_version  = 6


*******************************************************************************
*** HEAP SELECTION
***

The basic heap was selected because some modules are built with
size limitations (and not runtime checking), and --advanced_heap
was not specified.


*******************************************************************************
*** PLACEMENT SUMMARY
***

"A0":  place at address 0x0 { ro section .intvec };
"P1":  place in [from 0x0 to 0xf'ffff] { ro };
define block CSTACK with size = 32K, alignment = 8 { };
define block HEAP with size = 64K, alignment = 8 { };
"P2":  place in [from 0x2000'0000 to 0x2003'ffff] {
          rw, block CSTACK, block HEAP };
initialize by copy { rw };

  Section               Kind         Address    Size  Object
  -------               ----         -------    ----  ------
"A0":                                          0x3c0
  .intvec               ro code          0x0   0x3c0  startup_TM4C1294.o [1]
                                     - 0x3c0   0x3c0

"P1":                                         0x2471
  .text                 ro code        0x3c0   0x72c  rtx_thread.o [2]
  .text                 ro code        0xaec     0x2  rtx_evr.o [2]
  .text                 ro code        0xaee     0x2  rtx_evr.o [2]
  .text                 ro code        0xaf0     0x2  rtx_evr.o [2]
  .text                 ro code        0xaf2     0x2  rtx_evr.o [2]
  .text                 ro code        0xaf4     0x2  rtx_evr.o [2]
  .text                 ro code        0xaf6     0x2  rtx_evr.o [2]
  .text                 ro code        0xaf8     0x2  rtx_evr.o [2]
  .text                 ro code        0xafa     0x2  rtx_evr.o [2]
  .text                 ro code        0xafc     0x2  rtx_evr.o [2]
  .text                 ro code        0xafe     0x2  rtx_evr.o [2]
  .text                 ro code        0xb00    0x28  rtx_thread.o [2]
  .text                 ro code        0xb28     0x2  rtx_evr.o [2]
  .text                 ro code        0xb2a     0x2  rtx_evr.o [2]
  .text                 ro code        0xb2c     0x2  rtx_evr.o [2]
  .text                 ro code        0xb2e    0x3a  packbits_init_single.o [5]
  .text                 ro code        0xb68    0xe6  rtx_mempool.o [2]
  .text                 ro code        0xc4e     0x2  rtx_evr.o [2]
  .text                 ro code        0xc50    0x84  rtx_memory.o [2]
  .text                 ro code        0xcd4     0x6  ABImemclr4.o [5]
  .text                 ro code        0xcda     0x2  rtx_evr.o [2]
  .text                 ro code        0xcdc    0x4a  rtx_memory.o [2]
  .text                 ro code        0xd26     0x2  RTX_Config.o [1]
  .text                 ro code        0xd28    0x52  rtx_mutex.o [2]
  .text                 ro code        0xd7a     0x2  rtx_evr.o [2]
  .text                 ro code        0xd7c     0x2  rtx_evr.o [2]
  .text                 ro code        0xd7e     0x2  rtx_evr.o [2]
  .text                 ro code        0xd80     0x2  rtx_evr.o [2]
  .text                 ro code        0xd82    0x20  RTX_Config.o [1]
  .text                 ro code        0xda2     0x2  rtx_evr.o [2]
  .text                 ro code        0xda4     0x2  rtx_evr.o [2]
  .text                 ro code        0xda6     0x2  rtx_evr.o [2]
  .text                 ro code        0xda8     0x2  rtx_evr.o [2]
  .text                 ro code        0xdaa     0x2  startup_TM4C1294.o [1]
  .text                 ro code        0xdac    0x32  ABImemset48.o [5]
  .text                 ro code        0xdde     0x2  rtx_evr.o [2]
  .text                 ro code        0xde0     0x2  rtx_evr.o [2]
  .text                 ro code        0xde2     0x2  rtx_evr.o [2]
  .text                 ro code        0xde4   0x61c  rtx_msgqueue.o [2]
  .text                 ro code       0x1400    0xa6  ABImemcpy.o [5]
  .text                 ro code       0x14a6     0x2  rtx_evr.o [2]
  .text                 ro code       0x14a8     0x2  rtx_evr.o [2]
  .text                 ro code       0x14aa     0x2  rtx_evr.o [2]
  .text                 ro code       0x14ac     0x6  ABImemclr.o [5]
  .text                 ro code       0x14b2     0x2  rtx_evr.o [2]
  .text                 ro code       0x14b4     0x2  rtx_evr.o [2]
  .text                 ro code       0x14b6     0x2  rtx_evr.o [2]
  .text                 ro code       0x14b8     0x2  rtx_evr.o [2]
  .text                 ro code       0x14ba     0x2  rtx_evr.o [2]
  .text                 ro code       0x14bc     0x2  rtx_evr.o [2]
  .text                 ro code       0x14be     0x2  rtx_evr.o [2]
  .text                 ro code       0x14c0   0x16c  rtx_system.o [2]
  .text                 ro code       0x162c     0x2  rtx_evr.o [2]
  .text                 ro code       0x162e     0x2  rtx_evr.o [2]
  .text                 ro code       0x1630    0x5e  ABImemset.o [5]
  .text                 ro code       0x1690     0xc  os_systick.o [2]
  .text                 ro code       0x169c   0x2bc  sysctl.o [4]
  .text                 ro code       0x1958   0x2a8  rtx_kernel.o [2]
  .text                 ro code       0x1c00     0x2  rtx_evr.o [2]
  .text                 ro code       0x1c02    0x44  rtx_memory.o [2]
  .text                 ro code       0x1c46     0x2  rtx_evr.o [2]
  .text                 ro code       0x1c48     0x2  rtx_evr.o [2]
  .text                 ro code       0x1c4c    0x3c  os_systick.o [2]
  .text                 ro code       0x1c88     0x6  os_systick.o [2]
  .text                 ro code       0x1c90    0x28  os_systick.o [2]
  .text                 ro code       0x1cb8     0x2  rtx_evr.o [2]
  .text                 ro code       0x1cba     0x2  rtx_lib.o [1]
  .text                 ro code       0x1cbc     0x2  rtx_evr.o [2]
  .text                 ro code       0x1cbe     0x2  rtx_evr.o [2]
  .text                 ro code       0x1cc0     0x2  rtx_evr.o [2]
  .text                 ro code       0x1cc4   0x234  rtx_timer.o [2]
  .text                 ro code       0x1ef8     0x2  rtx_evr.o [2]
  .text                 ro code       0x1efa     0x2  rtx_evr.o [2]
  .text                 ro code       0x1efc     0x2  rtx_evr.o [2]
  .text                 ro code       0x1efe     0x2  rtx_evr.o [2]
  .text                 ro code       0x1f00     0x2  rtx_evr.o [2]
  .rodata               const         0x1f04   0x21c  sysctl.o [4]
  .text                 ro code       0x2120   0x150  gpio.o [4]
  .text                 ro code       0x2270   0x130  driverleds.o [1]
  .text                 ro code       0x23a0    0xe8  temporizador.o [1]
  .text                 ro code       0x2488    0x64  rtx_delay.o [2]
  .text                 ro code       0x24ec    0x30  system_TM4C1294_TW.o [1]
  .text                 ro code       0x251c     0x2  rtx_evr.o [2]
  .text                 ro code       0x251e     0x2  rtx_evr.o [2]
  .text                 ro code       0x2520     0x2  rtx_evr.o [2]
  .text                 ro code       0x2524    0xc4  irq_cm4f.o [2]
  .rodata               const         0x25e8    0x68  rtx_lib.o [1]
  .text                 ro code       0x2650    0x44  rtx_timer.o [2]
  .text                 ro code       0x2694     0x2  rtx_evr.o [2]
  .text                 ro code       0x2696    0x38  zero_init3.o [5]
  .rodata               const         0x26d0    0x30  sysctl.o [4]
  .text                 ro code       0x2700    0x28  data_init.o [5]
  .rodata               const         0x2728    0x24  rtx_lib.o [1]
  .rodata               const         0x274c    0x24  rtx_lib.o [1]
  .iar.init_table       const         0x2770    0x20  - Linker created -
  .text                 ro code       0x2790    0x1e  cmain.o [5]
  .text                 ro code       0x27ae     0x4  low_level_init.o [3]
  .text                 ro code       0x27b2     0x4  exit.o [3]
  .text                 ro code       0x27b8     0xa  cexit.o [5]
  .text                 ro code       0x27c4    0x14  exit.o [6]
  .text                 ro code       0x27d8    0x1c  cstartup_M.o [5]
  .text                 ro code       0x27f4    0x14  startup_TM4C1294.o [1]
  .rodata               const         0x2808    0x18  rtx_lib.o [1]
  .rodata               const         0x2820     0x4  rtx_lib.o [1]
  .rodata               const         0x2824     0x0  zero_init3.o [5]
  .rodata               const         0x2824     0x0  packbits_init_single.o [5]
  Initializer bytes     const         0x2824     0xd  <for P2-1>
                                    - 0x2831  0x2471

"P2", part 1 of 3:                              0xa4
  P2-1                           0x2000'0000    0xa4  <Init block>
    .data.os            inited   0x2000'0000    0xa4  rtx_kernel.o [2]
                               - 0x2000'00a4    0xa4

"P2", part 2 of 3:                            0x1368
  .bss.os               zero     0x2000'00a8  0x1000  rtx_lib.o [1]
  .bss.os.thread.stack  zero     0x2000'10a8   0x100  rtx_lib.o [1]
  .bss.os.thread.stack  zero     0x2000'11a8   0x100  rtx_lib.o [1]
  .bss.os.msgqueue.mem  zero     0x2000'12a8    0x50  rtx_lib.o [1]
  .bss.os.thread.cb     zero     0x2000'12f8    0x44  rtx_lib.o [1]
  .bss.os.thread.cb     zero     0x2000'133c    0x44  rtx_lib.o [1]
  .bss.os               zero     0x2000'1380    0x40  rtx_lib.o [1]
  .bss.os.msgqueue.cb   zero     0x2000'13c0    0x34  rtx_lib.o [1]
  .bss                  zero     0x2000'13f4     0x4  temporizador.o [1]
  .bss                  zero     0x2000'13f8     0x4  temporizador.o [1]
  .bss                  zero     0x2000'13fc     0x4  temporizador.o [1]
  .bss                  zero     0x2000'1400     0x4  temporizador.o [1]
  .bss                  zero     0x2000'1404     0x4  temporizador.o [1]
  .bss                  zero     0x2000'1408     0x1  temporizador.o [1]
  .bss                  zero     0x2000'1409     0x1  os_systick.o [2]
                               - 0x2000'140a  0x1366

"P2", part 3 of 3:                            0x8004
  .noinit               uninit   0x2000'140c     0x4  system_TM4C1294_TW.o [1]
  CSTACK                         0x2000'1410  0x8000  <Block>
    CSTACK              uninit   0x2000'1410  0x8000  <Block tail>
                               - 0x2000'9410  0x8004

Unused ranges:

         From           To      Size
         ----           --      ----
       0x2831     0xf'ffff  0xf'd7cf
  0x2000'9410  0x2003'ffff  0x3'6bf0


*******************************************************************************
*** INIT TABLE
***

          Address      Size
          -------      ----
Zero (__iar_zero_init3)
    1 destination range, total size 0x1362:
          0x2000'00a8  0x1362

Copy/packbits (__iar_packbits_init_single3)
    1 source range, total size 0xd (7% of destination):
               0x2824     0xd
    1 destination range, total size 0xa4:
          0x2000'0000    0xa4



*******************************************************************************
*** MODULE SUMMARY
***

    Module                  ro code  ro data  rw data
    ------                  -------  -------  -------
command line/config:
    -------------------------------------------------
    Total:

E:\Universidade\2020_2\Sistemas Embarcados\Laboratorio6\Projects\temporizador\ewarm\Obj: [1]
    RTX_Config.o                 34
    driverleds.o                304
    rtx_lib.o                     2      204    4'940
    startup_TM4C1294.o          982
    system_TM4C1294_TW.o         48                 4
    temporizador.o              232                21
    -------------------------------------------------
    Total:                    1'602      204    4'965

RTX_CM.a: [2]
    irq_cm4f.o                  196
    os_systick.o                118                 1
    rtx_delay.o                 100
    rtx_evr.o                   108
    rtx_kernel.o                680       13      164
    rtx_memory.o                274
    rtx_mempool.o               230
    rtx_msgqueue.o            1'564
    rtx_mutex.o                  82
    rtx_system.o                364
    rtx_thread.o              1'876
    rtx_timer.o                 632
    -------------------------------------------------
    Total:                    6'224       13      165

dl7M_tln.a: [3]
    exit.o                        4
    low_level_init.o              4
    -------------------------------------------------
    Total:                        8

driverlib.a: [4]
    gpio.o                      336
    sysctl.o                    700      588
    -------------------------------------------------
    Total:                    1'036      588

rt7M_tl.a: [5]
    ABImemclr.o                   6
    ABImemclr4.o                  6
    ABImemcpy.o                 166
    ABImemset.o                  94
    ABImemset48.o                50
    cexit.o                      10
    cmain.o                      30
    cstartup_M.o                 28
    data_init.o                  40
    packbits_init_single.o       58
    zero_init3.o                 56
    -------------------------------------------------
    Total:                      544

shb_l.a: [6]
    exit.o                       20
    -------------------------------------------------
    Total:                       20

    Gaps                         14        4        4
    Linker created                        32   32'768
-----------------------------------------------------
    Grand Total:              9'448      841   37'902


*******************************************************************************
*** ENTRY LIST
***

Entry                       Address    Size  Type      Object
-----                       -------    ----  ----      ------
.iar.init_table$$Base        0x2770           --   Gb  - Linker created -
.iar.init_table$$Limit       0x2790           --   Gb  - Linker created -
?main                        0x2791          Code  Gb  cmain.o [5]
CSTACK$$Base            0x2000'1410           --   Gb  - Linker created -
CSTACK$$Limit           0x2000'9410           --   Gb  - Linker created -
EvrRtxDelay                  0x251f     0x2  Code  Gb  rtx_evr.o [2]
EvrRtxDelayCompleted          0xaed     0x2  Code  Gb  rtx_evr.o [2]
EvrRtxDelayError             0x2521     0x2  Code  Gb  rtx_evr.o [2]
EvrRtxDelayStarted           0x251d     0x2  Code  Gb  rtx_evr.o [2]
EvrRtxEventFlagsWaitTimeout
                              0xaf1     0x2  Code  Gb  rtx_evr.o [2]
EvrRtxKernelError            0x1c01     0x2  Code  Gb  rtx_evr.o [2]
EvrRtxKernelGetState         0x1c49     0x2  Code  Gb  rtx_evr.o [2]
EvrRtxKernelInitialize       0x1cbd     0x2  Code  Gb  rtx_evr.o [2]
EvrRtxKernelInitialized
                             0x1c47     0x2  Code  Gb  rtx_evr.o [2]
EvrRtxKernelStart            0x1cbf     0x2  Code  Gb  rtx_evr.o [2]
EvrRtxKernelStarted          0x1cb9     0x2  Code  Gb  rtx_evr.o [2]
EvrRtxMemoryAlloc             0xda9     0x2  Code  Gb  rtx_evr.o [2]
EvrRtxMemoryBlockAlloc        0xda5     0x2  Code  Gb  rtx_evr.o [2]
EvrRtxMemoryBlockFree         0xda7     0x2  Code  Gb  rtx_evr.o [2]
EvrRtxMemoryBlockInit         0xda3     0x2  Code  Gb  rtx_evr.o [2]
EvrRtxMemoryFree              0xddf     0x2  Code  Gb  rtx_evr.o [2]
EvrRtxMemoryInit             0x1cc1     0x2  Code  Gb  rtx_evr.o [2]
EvrRtxMemoryPoolAllocTimeout
                              0xaf7     0x2  Code  Gb  rtx_evr.o [2]
EvrRtxMessageQueueCreated
                             0x14b3     0x2  Code  Gb  rtx_evr.o [2]
EvrRtxMessageQueueError
                             0x14ab     0x2  Code  Gb  rtx_evr.o [2]
EvrRtxMessageQueueGet        0x162f     0x2  Code  Gb  rtx_evr.o [2]
EvrRtxMessageQueueGetPending
                             0x14b9     0x2  Code  Gb  rtx_evr.o [2]
EvrRtxMessageQueueGetTimeout
                              0xaf9     0x2  Code  Gb  rtx_evr.o [2]
EvrRtxMessageQueueInsertPending
                             0x162d     0x2  Code  Gb  rtx_evr.o [2]
EvrRtxMessageQueueInserted
                             0x14a7     0x2  Code  Gb  rtx_evr.o [2]
EvrRtxMessageQueueNew        0x14bd     0x2  Code  Gb  rtx_evr.o [2]
EvrRtxMessageQueueNotInserted
                             0x14b7     0x2  Code  Gb  rtx_evr.o [2]
EvrRtxMessageQueueNotRetrieved
                             0x14bb     0x2  Code  Gb  rtx_evr.o [2]
EvrRtxMessageQueuePut        0x14bf     0x2  Code  Gb  rtx_evr.o [2]
EvrRtxMessageQueuePutPending
                             0x14b5     0x2  Code  Gb  rtx_evr.o [2]
EvrRtxMessageQueuePutTimeout
                              0xafb     0x2  Code  Gb  rtx_evr.o [2]
EvrRtxMessageQueueRetrieved
                             0x14a9     0x2  Code  Gb  rtx_evr.o [2]
EvrRtxMutexAcquireTimeout
                              0xaf3     0x2  Code  Gb  rtx_evr.o [2]
EvrRtxMutexAcquired           0xde3     0x2  Code  Gb  rtx_evr.o [2]
EvrRtxMutexReleased           0xde1     0x2  Code  Gb  rtx_evr.o [2]
EvrRtxSemaphoreAcquireTimeout
                              0xaf5     0x2  Code  Gb  rtx_evr.o [2]
EvrRtxThreadBlocked           0xb2b     0x2  Code  Gb  rtx_evr.o [2]
EvrRtxThreadCreated           0xcdb     0x2  Code  Gb  rtx_evr.o [2]
EvrRtxThreadDestroyed         0xd7d     0x2  Code  Gb  rtx_evr.o [2]
EvrRtxThreadError             0xc4f     0x2  Code  Gb  rtx_evr.o [2]
EvrRtxThreadExit              0xd81     0x2  Code  Gb  rtx_evr.o [2]
EvrRtxThreadFlagsWaitCompleted
                              0xb2d     0x2  Code  Gb  rtx_evr.o [2]
EvrRtxThreadFlagsWaitTimeout
                              0xaef     0x2  Code  Gb  rtx_evr.o [2]
EvrRtxThreadJoined            0xd7b     0x2  Code  Gb  rtx_evr.o [2]
EvrRtxThreadNew               0xd7f     0x2  Code  Gb  rtx_evr.o [2]
EvrRtxThreadPreempted         0xaff     0x2  Code  Gb  rtx_evr.o [2]
EvrRtxThreadSwitched          0xb29     0x2  Code  Gb  rtx_evr.o [2]
EvrRtxThreadUnblocked         0xafd     0x2  Code  Gb  rtx_evr.o [2]
EvrRtxTimerCallback          0x2695     0x2  Code  Gb  rtx_evr.o [2]
EvrRtxTimerCreated           0x1ef9     0x2  Code  Gb  rtx_evr.o [2]
EvrRtxTimerError             0x1efb     0x2  Code  Gb  rtx_evr.o [2]
EvrRtxTimerNew               0x1eff     0x2  Code  Gb  rtx_evr.o [2]
EvrRtxTimerStart             0x1f01     0x2  Code  Gb  rtx_evr.o [2]
EvrRtxTimerStarted           0x1efd     0x2  Code  Gb  rtx_evr.o [2]
GPIODirModeSet               0x2121    0x28  Code  Gb  gpio.o [4]
GPIOPadConfigSet             0x2149   0x104  Code  Gb  gpio.o [4]
GPIOPinTypeGPIOOutput        0x2255     0xa  Code  Gb  gpio.o [4]
GPIOPinWrite                 0x224d     0x8  Code  Gb  gpio.o [4]
LEDInit                      0x2271    0xba  Code  Gb  driverleds.o [1]
LEDWrite                     0x232b    0x64  Code  Gb  driverleds.o [1]
MessageQueueGet               0xe31    0x40  Code  Lc  rtx_msgqueue.o [2]
MessageQueuePut               0xde5    0x4a  Code  Lc  rtx_msgqueue.o [2]
MessageQueueRemove            0xe71    0x1a  Code  Lc  rtx_msgqueue.o [2]
OS_Tick_AcknowledgeIRQ       0x1691     0xc  Code  Gb  os_systick.o [2]
OS_Tick_Enable               0x1c91    0x28  Code  Gb  os_systick.o [2]
OS_Tick_GetIRQn              0x1c89     0x6  Code  Gb  os_systick.o [2]
OS_Tick_Setup                0x1c4d    0x3c  Code  Gb  os_systick.o [2]
PendST                  0x2000'1409     0x1  Data  Lc  os_systick.o [2]
PendSV_Handler               0x25bd          Code  Gb  irq_cm4f.o [2]
Region$$Table$$Base          0x2770           --   Gb  - Linker created -
Region$$Table$$Limit         0x2790           --   Gb  - Linker created -
SVC_Handler                  0x2525          Code  Gb  irq_cm4f.o [2]
SysCtlClockFreqSet           0x16ff   0x218  Code  Gb  sysctl.o [4]
SysCtlPeripheralEnable       0x16e1     0x8  Code  Gb  sysctl.o [4]
SysCtlPeripheralReady        0x16bf     0x8  Code  Gb  sysctl.o [4]
SysTick_Handler              0x25cd          Code  Gb  irq_cm4f.o [2]
SystemCoreClock         0x2000'140c     0x4  Data  Gb  system_TM4C1294_TW.o [1]
SystemInit                   0x24ed    0x1c  Code  Gb  system_TM4C1294_TW.o [1]
ThreadFlagsCheck              0x3c1    0x6c  Code  Lc  rtx_thread.o [2]
TimerInsert                  0x1cc5    0x38  Code  Lc  rtx_timer.o [2]
TimerRemove                  0x1cfd    0x22  Code  Lc  rtx_timer.o [2]
_SysCtlMemTimingGet          0x169d    0x22  Code  Lc  sysctl.o [4]
__Vectors                       0x0           --   Gb  startup_TM4C1294.o [1]
__Vectors_End                 0x3c0          Data  Gb  startup_TM4C1294.o [1]
__Vectors_Size {Abs}          0x3c0           --   Gb  startup_TM4C1294.o [1]
__aeabi_memclr               0x14ad          Code  Gb  ABImemclr.o [5]
__aeabi_memclr4               0xcd5          Code  Gb  ABImemclr4.o [5]
__aeabi_memcpy               0x1401          Code  Gb  ABImemcpy.o [5]
__aeabi_memcpy4              0x1421          Code  Gb  ABImemcpy.o [5]
__aeabi_memcpy8              0x1421          Code  Gb  ABImemcpy.o [5]
__cmain                      0x2791          Code  Gb  cmain.o [5]
__exit                       0x27c5    0x14  Code  Gb  exit.o [6]
__iar_Memset4_word            0xdad          Code  Gb  ABImemset48.o [5]
__iar_Memset8_word            0xdad          Code  Gb  ABImemset48.o [5]
__iar_Memset_word            0x1631          Code  Gb  ABImemset.o [5]
__iar_data_init3             0x2701    0x28  Code  Gb  data_init.o [5]
__iar_init_vfp               0x27fd          Code  Wk  startup_TM4C1294.o [1]
__iar_packbits_init_single3
                              0xb2f    0x3a  Code  Gb  packbits_init_single.o [5]
__iar_program_start          0x27d9          Code  Gb  cstartup_M.o [5]
__iar_zero_init3             0x2697    0x38  Code  Gb  zero_init3.o [5]
__low_level_init             0x27af     0x4  Code  Gb  low_level_init.o [3]
__vector_table                  0x0          Data  Gb  startup_TM4C1294.o [1]
__vector_table_0x1c            0x1c          Data  Gb  startup_TM4C1294.o [1]
_call_main                   0x279d          Code  Gb  cmain.o [5]
_exit                        0x27b9          Code  Gb  cexit.o [5]
app_main                     0x23b9    0x34  Code  Gb  temporizador.o [1]
app_main_id             0x2000'1404     0x4  Data  Gb  temporizador.o [1]
callback                     0x23a1    0x18  Code  Gb  temporizador.o [1]
exit                         0x27b3     0x4  Code  Gb  exit.o [3]
g_pppui32XTALtoVCO           0x1f04   0x1b0  Data  Lc  sysctl.o [4]
g_pui32VCOFrequencies        0x1950     0x8  Data  Lc  sysctl.o [4]
g_pui32Xtals                 0x20b4    0x6c  Data  Lc  sysctl.o [4]
g_sXTALtoMEMTIM              0x26d0    0x30  Data  Lc  sysctl.o [4]
main                         0x23ed    0x7c  Code  Gb  temporizador.o [1]
osDelay                      0x24ad    0x38  Code  Gb  rtx_delay.o [2]
osKernelGetState             0x1b65    0x40  Code  Gb  rtx_kernel.o [2]
osKernelInitialize           0x1b2d    0x38  Code  Gb  rtx_kernel.o [2]
osKernelStart                0x1ba5    0x34  Code  Gb  rtx_kernel.o [2]
osMessageQueueGet            0x135d    0x90  Code  Gb  rtx_msgqueue.o [2]
osMessageQueueNew            0x1285    0x3e  Code  Gb  rtx_msgqueue.o [2]
osMessageQueuePut            0x12c5    0x98  Code  Gb  rtx_msgqueue.o [2]
osRtxConfig                  0x25e8    0x68  Data  Gb  rtx_lib.o [1]
osRtxErrorNotify              0xd83    0x20  Code  Gb  RTX_Config.o [1]
osRtxIdleThread               0xd27     0x2  Code  Gb  RTX_Config.o [1]
osRtxInfo               0x2000'0000    0xa4  Data  Gb  rtx_kernel.o [2]
osRtxKernelPreInit           0x1cbb     0x2  Code  Gb  rtx_lib.o [1]
osRtxMemoryAlloc              0xc51    0x84  Code  Gb  rtx_memory.o [2]
osRtxMemoryFree               0xcdd    0x4a  Code  Gb  rtx_memory.o [2]
osRtxMemoryInit              0x1c03    0x44  Code  Gb  rtx_memory.o [2]
osRtxMemoryPoolAlloc          0xbb5    0x44  Code  Gb  rtx_mempool.o [2]
osRtxMemoryPoolFree           0xbf9    0x56  Code  Gb  rtx_mempool.o [2]
osRtxMemoryPoolInit           0xb69    0x4a  Code  Gb  rtx_mempool.o [2]
osRtxMessageQueuePostProcess
                              0xe8b    0xe6  Code  Lc  rtx_msgqueue.o [2]
osRtxMutexOwnerRelease        0xd29    0x52  Code  Gb  rtx_mutex.o [2]
osRtxPendSV_Handler          0x1531    0x88  Code  Gb  rtx_system.o [2]
osRtxPostProcess             0x15b9    0x6c  Code  Gb  rtx_system.o [2]
osRtxThreadBlock              0x629    0x34  Code  Lc  rtx_thread.o [2]
osRtxThreadDelayInsert        0x481    0x62  Code  Lc  rtx_thread.o [2]
osRtxThreadDelayRemove        0x4e3    0x44  Code  Lc  rtx_thread.o [2]
osRtxThreadDelayTick          0x527    0xee  Code  Gb  rtx_thread.o [2]
osRtxThreadDispatch           0x679    0x54  Code  Gb  rtx_thread.o [2]
osRtxThreadFree               0x957    0x54  Code  Lc  rtx_thread.o [2]
osRtxThreadListGet            0x44f    0x14  Code  Gb  rtx_thread.o [2]
osRtxThreadListPut            0x42d    0x22  Code  Gb  rtx_thread.o [2]
osRtxThreadListRemove         0x463    0x16  Code  Gb  rtx_thread.o [2]
osRtxThreadPostProcess        0x741    0x54  Code  Lc  rtx_thread.o [2]
osRtxThreadReadyPut           0x479     0x8  Code  Gb  rtx_thread.o [2]
osRtxThreadRegPtr             0x615    0x14  Code  Gb  rtx_thread.o [2]
osRtxThreadStackCheck         0xb01    0x28  Code  Gb  rtx_thread.o [2]
osRtxThreadStartup            0xa3d    0x30  Code  Gb  rtx_thread.o [2]
osRtxThreadSwitch             0x65d    0x1c  Code  Gb  rtx_thread.o [2]
osRtxThreadWaitEnter          0x707    0x3a  Code  Gb  rtx_thread.o [2]
osRtxThreadWaitExit           0x6d3    0x2e  Code  Gb  rtx_thread.o [2]
osRtxTick_Handler            0x14c1    0x6e  Code  Gb  rtx_system.o [2]
osRtxTimerThread             0x2651    0x44  Code  Gb  rtx_timer.o [2]
osRtxTimerTick               0x1d1f    0x54  Code  Lc  rtx_timer.o [2]
osRtxUserSVC                 0x2820     0x4  Data  Gb  rtx_lib.o [1]
osThreadExit                  0xab9    0x16  Code  Gb  rtx_thread.o [2]
osThreadNew                   0xa71    0x40  Code  Gb  rtx_thread.o [2]
osTimerNew                   0x1e69    0x42  Code  Gb  rtx_timer.o [2]
osTimerStart                 0x1ead    0x3e  Code  Gb  rtx_timer.o [2]
os_idle_thread_attr          0x2728    0x24  Data  Lc  rtx_lib.o [1]
os_idle_thread_cb       0x2000'12f8    0x44  Data  Lc  rtx_lib.o [1]
os_idle_thread_stack    0x2000'10a8   0x100  Data  Lc  rtx_lib.o [1]
os_isr_queue            0x2000'1380    0x40  Data  Lc  rtx_lib.o [1]
os_mem                  0x2000'00a8  0x1000  Data  Lc  rtx_lib.o [1]
os_timer_mq_attr             0x2808    0x18  Data  Lc  rtx_lib.o [1]
os_timer_mq_cb          0x2000'13c0    0x34  Data  Lc  rtx_lib.o [1]
os_timer_mq_data        0x2000'12a8    0x50  Data  Lc  rtx_lib.o [1]
os_timer_thread_attr         0x274c    0x24  Data  Lc  rtx_lib.o [1]
os_timer_thread_cb      0x2000'133c    0x44  Data  Lc  rtx_lib.o [1]
os_timer_thread_stack   0x2000'11a8   0x100  Data  Lc  rtx_lib.o [1]
state                   0x2000'1408     0x1  Data  Gb  temporizador.o [1]
svcRtxDelay                  0x2489    0x24  Code  Lc  rtx_delay.o [2]
svcRtxKernelGetState         0x1a85    0x12  Code  Lc  rtx_kernel.o [2]
svcRtxKernelInitialize       0x1959   0x12c  Code  Lc  rtx_kernel.o [2]
svcRtxKernelStart            0x1a97    0x96  Code  Lc  rtx_kernel.o [2]
svcRtxMessageQueueGet        0x1175    0xe8  Code  Lc  rtx_msgqueue.o [2]
svcRtxMessageQueueNew         0xf71   0x130  Code  Lc  rtx_msgqueue.o [2]
svcRtxMessageQueuePut        0x10a1    0xd4  Code  Lc  rtx_msgqueue.o [2]
svcRtxThreadExit              0x9ab    0x8e  Code  Lc  rtx_thread.o [2]
svcRtxThreadNew               0x795   0x1bc  Code  Lc  rtx_thread.o [2]
svcRtxTimerNew               0x1d73    0xa2  Code  Lc  rtx_timer.o [2]
svcRtxTimerStart             0x1e15    0x4c  Code  Lc  rtx_timer.o [2]
timer1_id               0x2000'13f4     0x4  Data  Gb  temporizador.o [1]
timer2_id               0x2000'13f8     0x4  Data  Gb  temporizador.o [1]
timer3_id               0x2000'13fc     0x4  Data  Gb  temporizador.o [1]
timer4_id               0x2000'1400     0x4  Data  Gb  temporizador.o [1]


[1] = E:\Universidade\2020_2\Sistemas Embarcados\Laboratorio6\Projects\temporizador\ewarm\Obj
[2] = RTX_CM.a
[3] = dl7M_tln.a
[4] = driverlib.a
[5] = rt7M_tl.a
[6] = shb_l.a

   9'448 bytes of readonly  code memory
     841 bytes of readonly  data memory
  37'902 bytes of readwrite data memory

Errors: none
Warnings: none
