###############################################################################
#
# IAR ELF Linker V9.10.1.308/W64 for ARM                  09/Apr/2021  22:11:35
# Copyright 2007-2021 IAR Systems AB.
#
#    Output file  =
#        E:\Universidade\2020_2\Sistemas
#        Embarcados\Laboratorio6\Projects\lab06\ewarm\Exe\lab06.out
#    Map file     =
#        E:\Universidade\2020_2\Sistemas
#        Embarcados\Laboratorio6\Projects\lab06\ewarm\List\lab06.map
#    Command line =
#        -f "E:\Universidade\2020_2\Sistemas
#        Embarcados\Laboratorio6\Projects\lab06\ewarm\Exe\lab06.out.rsp"
#        ("E:\Universidade\2020_2\Sistemas
#        Embarcados\Laboratorio6\Projects\lab06\ewarm\Obj\driverbuttons.o"
#        "E:\Universidade\2020_2\Sistemas
#        Embarcados\Laboratorio6\Projects\lab06\ewarm\Obj\driverleds.o"
#        "E:\Universidade\2020_2\Sistemas
#        Embarcados\Laboratorio6\TivaWare_C_Series-2.1.4.178\driverlib\ewarm\Exe\driverlib.a"
#        "E:\Universidade\2020_2\Sistemas
#        Embarcados\Laboratorio6\Projects\lab06\ewarm\Obj\lab06.o"
#        "E:\Universidade\2020_2\Sistemas
#        Embarcados\Laboratorio6\CMSIS-5.6.0\CMSIS\RTOS2\RTX\Library\IAR\IDE\CM4F\Exe\RTX_CM.a"
#        "E:\Universidade\2020_2\Sistemas
#        Embarcados\Laboratorio6\Projects\lab06\ewarm\Obj\RTX_Config.o"
#        "E:\Universidade\2020_2\Sistemas
#        Embarcados\Laboratorio6\Projects\lab06\ewarm\Obj\rtx_lib.o"
#        "E:\Universidade\2020_2\Sistemas
#        Embarcados\Laboratorio6\Projects\lab06\ewarm\Obj\startup_TM4C1294.o"
#        "E:\Universidade\2020_2\Sistemas
#        Embarcados\Laboratorio6\Projects\lab06\ewarm\Obj\system_TM4C1294_TW.o"
#        --no_out_extension -o "E:\Universidade\2020_2\Sistemas
#        Embarcados\Laboratorio6\Projects\lab06\ewarm\Exe\lab06.out" --map
#        "E:\Universidade\2020_2\Sistemas
#        Embarcados\Laboratorio6\Projects\lab06\ewarm\List\lab06.map" --config
#        "C:\Program Files\IAR Systems\Embedded Workbench
#        9.0\arm\config\linker\TexasInstruments\TM4C1294NC.icf" --semihosting
#        --entry __iar_program_start --vfe --text_out locale)
#
###############################################################################

*******************************************************************************
*** RUNTIME MODEL ATTRIBUTES
***

CppFlavor       = *
__SystemLibrary = DLib
__dlib_version  = 6


*******************************************************************************
*** HEAP SELECTION
***

The basic heap was selected because some modules are built with
size limitations (and not runtime checking), and --advanced_heap
was not specified.


*******************************************************************************
*** PLACEMENT SUMMARY
***

"A0":  place at address 0x0 { ro section .intvec };
"P1":  place in [from 0x0 to 0xf'ffff] { ro };
define block CSTACK with size = 32K, alignment = 8 { };
define block HEAP with size = 64K, alignment = 8 { };
"P2":  place in [from 0x2000'0000 to 0x2003'ffff] {
          rw, block CSTACK, block HEAP };
initialize by copy { rw };

  Section               Kind         Address    Size  Object
  -------               ----         -------    ----  ------
"A0":                                          0x3c0
  .intvec               ro code          0x0   0x3c0  startup_TM4C1294.o [1]
                                     - 0x3c0   0x3c0

"P1":                                         0x2931
  .text                 ro code        0x3c0   0x9b8  rtx_thread.o [2]
  .text                 ro code        0xd78     0x2  rtx_evr.o [2]
  .text                 ro code        0xd7a     0x2  rtx_evr.o [2]
  .text                 ro code        0xd7c     0x2  rtx_evr.o [2]
  .text                 ro code        0xd7e     0x2  rtx_evr.o [2]
  .text                 ro code        0xd80     0x2  rtx_evr.o [2]
  .text                 ro code        0xd82     0x2  rtx_evr.o [2]
  .text                 ro code        0xd84     0x2  rtx_evr.o [2]
  .text                 ro code        0xd86     0x2  rtx_evr.o [2]
  .text                 ro code        0xd88     0x2  rtx_evr.o [2]
  .text                 ro code        0xd8a     0x2  rtx_evr.o [2]
  .text                 ro code        0xd8c    0x28  rtx_thread.o [2]
  .text                 ro code        0xdb4     0x2  rtx_evr.o [2]
  .text                 ro code        0xdb6     0x2  rtx_evr.o [2]
  .text                 ro code        0xdb8     0x2  rtx_evr.o [2]
  .text                 ro code        0xdba    0x3a  packbits_init_single.o [5]
  .text                 ro code        0xdf4    0xe6  rtx_mempool.o [2]
  .text                 ro code        0xeda     0x2  rtx_evr.o [2]
  .text                 ro code        0xedc    0x84  rtx_memory.o [2]
  .text                 ro code        0xf60     0x6  ABImemclr4.o [5]
  .text                 ro code        0xf66     0x2  rtx_evr.o [2]
  .text                 ro code        0xf68    0x4a  rtx_memory.o [2]
  .text                 ro code        0xfb2     0x2  RTX_Config.o [1]
  .text                 ro code        0xfb4   0x34c  rtx_mutex.o [2]
  .text                 ro code       0x1300     0x2  rtx_evr.o [2]
  .text                 ro code       0x1302     0x2  rtx_evr.o [2]
  .text                 ro code       0x1304     0x2  rtx_evr.o [2]
  .text                 ro code       0x1306     0x2  rtx_evr.o [2]
  .text                 ro code       0x1308     0x2  rtx_evr.o [2]
  .text                 ro code       0x130a     0x2  rtx_evr.o [2]
  .text                 ro code       0x130c     0x2  rtx_evr.o [2]
  .text                 ro code       0x130e     0x2  rtx_evr.o [2]
  .text                 ro code       0x1310     0x2  rtx_evr.o [2]
  .text                 ro code       0x1312     0x2  startup_TM4C1294.o [1]
  .text                 ro code       0x1314   0x16c  rtx_system.o [2]
  .text                 ro code       0x1480     0x2  rtx_evr.o [2]
  .text                 ro code       0x1482     0x2  RTX_Config.o [1]
  .text                 ro code       0x1484     0x2  rtx_evr.o [2]
  .text                 ro code       0x1486     0x2  rtx_evr.o [2]
  .text                 ro code       0x1488     0x2  rtx_evr.o [2]
  .text                 ro code       0x148a     0x2  rtx_evr.o [2]
  .text                 ro code       0x148c    0x32  ABImemset48.o [5]
  .text                 ro code       0x14be     0x2  rtx_evr.o [2]
  .text                 ro code       0x14c0     0x2  rtx_evr.o [2]
  .text                 ro code       0x14c2     0x2  rtx_evr.o [2]
  .text                 ro code       0x14c4     0x2  rtx_evr.o [2]
  .text                 ro code       0x14c6     0x2  rtx_evr.o [2]
  .text                 ro code       0x14c8     0x2  rtx_evr.o [2]
  .text                 ro code       0x14ca     0x2  rtx_evr.o [2]
  .text                 ro code       0x14cc     0x2  rtx_evr.o [2]
  .text                 ro code       0x14ce     0x2  rtx_evr.o [2]
  .text                 ro code       0x14d0     0x2  rtx_evr.o [2]
  .text                 ro code       0x14d4     0xc  os_systick.o [2]
  .text                 ro code       0x14e0   0x61c  rtx_msgqueue.o [2]
  .text                 ro code       0x1afc    0xa6  ABImemcpy.o [5]
  .text                 ro code       0x1ba2     0x2  rtx_evr.o [2]
  .text                 ro code       0x1ba4     0x2  rtx_evr.o [2]
  .text                 ro code       0x1ba6     0x2  rtx_evr.o [2]
  .text                 ro code       0x1ba8     0x6  ABImemclr.o [5]
  .text                 ro code       0x1bae     0x2  rtx_evr.o [2]
  .text                 ro code       0x1bb0     0x2  rtx_evr.o [2]
  .text                 ro code       0x1bb2     0x2  rtx_evr.o [2]
  .text                 ro code       0x1bb4     0x2  rtx_evr.o [2]
  .text                 ro code       0x1bb6     0x2  rtx_evr.o [2]
  .text                 ro code       0x1bb8     0x2  rtx_evr.o [2]
  .text                 ro code       0x1bba     0x2  rtx_evr.o [2]
  .text                 ro code       0x1bbc     0x2  rtx_evr.o [2]
  .text                 ro code       0x1bbe     0x2  rtx_evr.o [2]
  .text                 ro code       0x1bc0    0x5e  ABImemset.o [5]
  .text                 ro code       0x1c20   0x2bc  sysctl.o [4]
  .text                 ro code       0x1edc   0x2a8  rtx_kernel.o [2]
  .text                 ro code       0x2184     0x2  rtx_evr.o [2]
  .text                 ro code       0x2186    0x44  rtx_memory.o [2]
  .text                 ro code       0x21ca     0x2  rtx_evr.o [2]
  .text                 ro code       0x21cc     0x2  rtx_evr.o [2]
  .text                 ro code       0x21d0    0x3c  os_systick.o [2]
  .text                 ro code       0x220c     0x6  os_systick.o [2]
  .text                 ro code       0x2214    0x28  os_systick.o [2]
  .text                 ro code       0x223c     0x2  rtx_evr.o [2]
  .text                 ro code       0x223e     0x2  rtx_lib.o [1]
  .text                 ro code       0x2240     0x2  rtx_evr.o [2]
  .text                 ro code       0x2242     0x2  rtx_evr.o [2]
  .text                 ro code       0x2244     0x2  rtx_evr.o [2]
  .rodata               const         0x2248   0x21c  sysctl.o [4]
  .text                 ro code       0x2464   0x1b0  lab06.o [1]
  .text                 ro code       0x2614   0x14c  driverleds.o [1]
  .text                 ro code       0x2760    0x64  rtx_delay.o [2]
  .text                 ro code       0x27c4   0x150  gpio.o [4]
  .text                 ro code       0x2914     0x2  rtx_evr.o [2]
  .text                 ro code       0x2916     0x2  rtx_evr.o [2]
  .text                 ro code       0x2918     0x2  rtx_evr.o [2]
  .text                 ro code       0x291c    0xc4  irq_cm4f.o [2]
  .text                 ro code       0x29e0    0x90  rtx_timer.o [2]
  .rodata               const         0x2a70    0x68  rtx_lib.o [1]
  .text                 ro code       0x2ad8    0x44  rtx_timer.o [2]
  .text                 ro code       0x2b1c     0x2  rtx_evr.o [2]
  .text                 ro code       0x2b1e    0x38  zero_init3.o [5]
  .rodata               const         0x2b58    0x30  sysctl.o [4]
  .text                 ro code       0x2b88    0x2c  system_TM4C1294_TW.o [1]
  .text                 ro code       0x2bb4    0x28  data_init.o [5]
  .rodata               const         0x2bdc    0x24  rtx_lib.o [1]
  .rodata               const         0x2c00    0x24  rtx_lib.o [1]
  .iar.init_table       const         0x2c24    0x20  - Linker created -
  .text                 ro code       0x2c44    0x1e  cmain.o [5]
  .text                 ro code       0x2c62     0x4  low_level_init.o [3]
  .text                 ro code       0x2c66     0x4  exit.o [3]
  .text                 ro code       0x2c6c     0xa  cexit.o [5]
  .text                 ro code       0x2c78    0x14  exit.o [6]
  .text                 ro code       0x2c8c    0x1c  cstartup_M.o [5]
  .text                 ro code       0x2ca8    0x14  startup_TM4C1294.o [1]
  .rodata               const         0x2cbc    0x18  rtx_lib.o [1]
  .rodata               const         0x2cd4     0xc  lab06.o [1]
  .rodata               const         0x2ce0     0x4  rtx_lib.o [1]
  .rodata               const         0x2ce4     0x0  zero_init3.o [5]
  .rodata               const         0x2ce4     0x0  packbits_init_single.o [5]
  Initializer bytes     const         0x2ce4     0xd  <for P2-1>
                                    - 0x2cf1  0x2931

"P2", part 1 of 3:                              0xa4
  P2-1                           0x2000'0000    0xa4  <Init block>
    .data.os            inited   0x2000'0000    0xa4  rtx_kernel.o [2]
                               - 0x2000'00a4    0xa4

"P2", part 2 of 3:                            0x136c
  .bss.os               zero     0x2000'00a8  0x1000  rtx_lib.o [1]
  .bss.os.thread.stack  zero     0x2000'10a8   0x100  rtx_lib.o [1]
  .bss.os.thread.stack  zero     0x2000'11a8   0x100  rtx_lib.o [1]
  .bss.os.msgqueue.mem  zero     0x2000'12a8    0x50  rtx_lib.o [1]
  .bss.os.thread.cb     zero     0x2000'12f8    0x44  rtx_lib.o [1]
  .bss.os.thread.cb     zero     0x2000'133c    0x44  rtx_lib.o [1]
  .bss.os               zero     0x2000'1380    0x40  rtx_lib.o [1]
  .bss.os.msgqueue.cb   zero     0x2000'13c0    0x34  rtx_lib.o [1]
  .bss                  zero     0x2000'13f4    0x18  lab06.o [1]
  .bss                  zero     0x2000'140c     0x1  os_systick.o [2]
                               - 0x2000'140d  0x1369

"P2", part 3 of 3:                            0x8008
  .noinit               uninit   0x2000'1410     0x4  system_TM4C1294_TW.o [1]
  CSTACK                         0x2000'1418  0x8000  <Block>
    CSTACK              uninit   0x2000'1418  0x8000  <Block tail>
                               - 0x2000'9418  0x8008

Unused ranges:

         From           To      Size
         ----           --      ----
       0x2cf1     0xf'ffff  0xf'd30f
  0x2000'9418  0x2003'ffff  0x3'6be8


*******************************************************************************
*** INIT TABLE
***

          Address      Size
          -------      ----
Zero (__iar_zero_init3)
    1 destination range, total size 0x1365:
          0x2000'00a8  0x1365

Copy/packbits (__iar_packbits_init_single3)
    1 source range, total size 0xd (7% of destination):
               0x2ce4     0xd
    1 destination range, total size 0xa4:
          0x2000'0000    0xa4



*******************************************************************************
*** MODULE SUMMARY
***

    Module                  ro code  ro data  rw data
    ------                  -------  -------  -------
command line/config:
    -------------------------------------------------
    Total:

E:\Universidade\2020_2\Sistemas Embarcados\Laboratorio6\Projects\lab06\ewarm\Obj: [1]
    RTX_Config.o                  4
    driverleds.o                332
    lab06.o                     432       12       24
    rtx_lib.o                     2      204    4'940
    startup_TM4C1294.o          982
    system_TM4C1294_TW.o         44                 4
    -------------------------------------------------
    Total:                    1'796      216    4'968

RTX_CM.a: [2]
    irq_cm4f.o                  196
    os_systick.o                118                 1
    rtx_delay.o                 100
    rtx_evr.o                   124
    rtx_kernel.o                680       13      164
    rtx_memory.o                274
    rtx_mempool.o               230
    rtx_msgqueue.o            1'564
    rtx_mutex.o                 844
    rtx_system.o                364
    rtx_thread.o              2'528
    rtx_timer.o                 212
    -------------------------------------------------
    Total:                    7'234       13      165

dl7M_tln.a: [3]
    exit.o                        4
    low_level_init.o              4
    -------------------------------------------------
    Total:                        8

driverlib.a: [4]
    gpio.o                      336
    sysctl.o                    700      588
    -------------------------------------------------
    Total:                    1'036      588

rt7M_tl.a: [5]
    ABImemclr.o                   6
    ABImemclr4.o                  6
    ABImemcpy.o                 166
    ABImemset.o                  94
    ABImemset48.o                50
    cexit.o                      10
    cmain.o                      30
    cstartup_M.o                 28
    data_init.o                  40
    packbits_init_single.o       58
    zero_init3.o                 56
    -------------------------------------------------
    Total:                      544

shb_l.a: [6]
    exit.o                       20
    -------------------------------------------------
    Total:                       20

    Gaps                         14        4        4
    Linker created                        32   32'768
-----------------------------------------------------
    Grand Total:             10'652      853   37'905


*******************************************************************************
*** ENTRY LIST
***

Entry                       Address    Size  Type      Object
-----                       -------    ----  ----      ------
.iar.init_table$$Base        0x2c24           --   Gb  - Linker created -
.iar.init_table$$Limit       0x2c44           --   Gb  - Linker created -
?main                        0x2c45          Code  Gb  cmain.o [5]
CSTACK$$Base            0x2000'1418           --   Gb  - Linker created -
CSTACK$$Limit           0x2000'9418           --   Gb  - Linker created -
EvrRtxDelay                  0x2917     0x2  Code  Gb  rtx_evr.o [2]
EvrRtxDelayCompleted          0xd79     0x2  Code  Gb  rtx_evr.o [2]
EvrRtxDelayError             0x2919     0x2  Code  Gb  rtx_evr.o [2]
EvrRtxDelayStarted           0x2915     0x2  Code  Gb  rtx_evr.o [2]
EvrRtxEventFlagsWaitTimeout
                              0xd7d     0x2  Code  Gb  rtx_evr.o [2]
EvrRtxKernelError            0x2185     0x2  Code  Gb  rtx_evr.o [2]
EvrRtxKernelGetState         0x21cd     0x2  Code  Gb  rtx_evr.o [2]
EvrRtxKernelInitialize       0x2241     0x2  Code  Gb  rtx_evr.o [2]
EvrRtxKernelInitialized
                             0x21cb     0x2  Code  Gb  rtx_evr.o [2]
EvrRtxKernelStart            0x2243     0x2  Code  Gb  rtx_evr.o [2]
EvrRtxKernelStarted          0x223d     0x2  Code  Gb  rtx_evr.o [2]
EvrRtxMemoryAlloc            0x148b     0x2  Code  Gb  rtx_evr.o [2]
EvrRtxMemoryBlockAlloc       0x1487     0x2  Code  Gb  rtx_evr.o [2]
EvrRtxMemoryBlockFree        0x1489     0x2  Code  Gb  rtx_evr.o [2]
EvrRtxMemoryBlockInit        0x1485     0x2  Code  Gb  rtx_evr.o [2]
EvrRtxMemoryFree             0x14bf     0x2  Code  Gb  rtx_evr.o [2]
EvrRtxMemoryInit             0x2245     0x2  Code  Gb  rtx_evr.o [2]
EvrRtxMemoryPoolAllocTimeout
                              0xd83     0x2  Code  Gb  rtx_evr.o [2]
EvrRtxMessageQueueCreated
                             0x1baf     0x2  Code  Gb  rtx_evr.o [2]
EvrRtxMessageQueueError
                             0x1ba7     0x2  Code  Gb  rtx_evr.o [2]
EvrRtxMessageQueueGet        0x1bbf     0x2  Code  Gb  rtx_evr.o [2]
EvrRtxMessageQueueGetPending
                             0x1bb5     0x2  Code  Gb  rtx_evr.o [2]
EvrRtxMessageQueueGetTimeout
                              0xd85     0x2  Code  Gb  rtx_evr.o [2]
EvrRtxMessageQueueInsertPending
                             0x1bbd     0x2  Code  Gb  rtx_evr.o [2]
EvrRtxMessageQueueInserted
                             0x1ba3     0x2  Code  Gb  rtx_evr.o [2]
EvrRtxMessageQueueNew        0x1bb9     0x2  Code  Gb  rtx_evr.o [2]
EvrRtxMessageQueueNotInserted
                             0x1bb3     0x2  Code  Gb  rtx_evr.o [2]
EvrRtxMessageQueueNotRetrieved
                             0x1bb7     0x2  Code  Gb  rtx_evr.o [2]
EvrRtxMessageQueuePut        0x1bbb     0x2  Code  Gb  rtx_evr.o [2]
EvrRtxMessageQueuePutPending
                             0x1bb1     0x2  Code  Gb  rtx_evr.o [2]
EvrRtxMessageQueuePutTimeout
                              0xd87     0x2  Code  Gb  rtx_evr.o [2]
EvrRtxMessageQueueRetrieved
                             0x1ba5     0x2  Code  Gb  rtx_evr.o [2]
EvrRtxMutexAcquire           0x14cf     0x2  Code  Gb  rtx_evr.o [2]
EvrRtxMutexAcquirePending
                             0x14c9     0x2  Code  Gb  rtx_evr.o [2]
EvrRtxMutexAcquireTimeout
                              0xd7f     0x2  Code  Gb  rtx_evr.o [2]
EvrRtxMutexAcquired          0x14c3     0x2  Code  Gb  rtx_evr.o [2]
EvrRtxMutexCreated           0x14c7     0x2  Code  Gb  rtx_evr.o [2]
EvrRtxMutexError             0x14c5     0x2  Code  Gb  rtx_evr.o [2]
EvrRtxMutexNew               0x14cd     0x2  Code  Gb  rtx_evr.o [2]
EvrRtxMutexNotAcquired       0x14cb     0x2  Code  Gb  rtx_evr.o [2]
EvrRtxMutexRelease           0x14d1     0x2  Code  Gb  rtx_evr.o [2]
EvrRtxMutexReleased          0x14c1     0x2  Code  Gb  rtx_evr.o [2]
EvrRtxSemaphoreAcquireTimeout
                              0xd81     0x2  Code  Gb  rtx_evr.o [2]
EvrRtxThreadBlocked           0xdb7     0x2  Code  Gb  rtx_evr.o [2]
EvrRtxThreadCreated           0xf67     0x2  Code  Gb  rtx_evr.o [2]
EvrRtxThreadDestroyed        0x1303     0x2  Code  Gb  rtx_evr.o [2]
EvrRtxThreadError             0xedb     0x2  Code  Gb  rtx_evr.o [2]
EvrRtxThreadExit             0x130f     0x2  Code  Gb  rtx_evr.o [2]
EvrRtxThreadFlagsError       0x1305     0x2  Code  Gb  rtx_evr.o [2]
EvrRtxThreadFlagsSet         0x1311     0x2  Code  Gb  rtx_evr.o [2]
EvrRtxThreadFlagsSetDone
                             0x1307     0x2  Code  Gb  rtx_evr.o [2]
EvrRtxThreadFlagsWait        0x1481     0x2  Code  Gb  rtx_evr.o [2]
EvrRtxThreadFlagsWaitCompleted
                              0xdb9     0x2  Code  Gb  rtx_evr.o [2]
EvrRtxThreadFlagsWaitNotCompleted
                             0x130b     0x2  Code  Gb  rtx_evr.o [2]
EvrRtxThreadFlagsWaitPending
                             0x1309     0x2  Code  Gb  rtx_evr.o [2]
EvrRtxThreadFlagsWaitTimeout
                              0xd7b     0x2  Code  Gb  rtx_evr.o [2]
EvrRtxThreadJoined           0x1301     0x2  Code  Gb  rtx_evr.o [2]
EvrRtxThreadNew              0x130d     0x2  Code  Gb  rtx_evr.o [2]
EvrRtxThreadPreempted         0xd8b     0x2  Code  Gb  rtx_evr.o [2]
EvrRtxThreadSwitched          0xdb5     0x2  Code  Gb  rtx_evr.o [2]
EvrRtxThreadUnblocked         0xd89     0x2  Code  Gb  rtx_evr.o [2]
EvrRtxTimerCallback          0x2b1d     0x2  Code  Gb  rtx_evr.o [2]
GPIODirModeSet               0x27c5    0x28  Code  Gb  gpio.o [4]
GPIOPadConfigSet             0x27ed   0x104  Code  Gb  gpio.o [4]
GPIOPinTypeGPIOOutput        0x28f9     0xa  Code  Gb  gpio.o [4]
GPIOPinWrite                 0x28f1     0x8  Code  Gb  gpio.o [4]
LEDInit                      0x2615    0xac  Code  Gb  driverleds.o [1]
LEDOff                       0x2703    0x38  Code  Gb  driverleds.o [1]
LEDOn                        0x26c9    0x3a  Code  Gb  driverleds.o [1]
MessageQueueGet              0x152d    0x40  Code  Lc  rtx_msgqueue.o [2]
MessageQueuePut              0x14e1    0x4a  Code  Lc  rtx_msgqueue.o [2]
MessageQueueRemove           0x156d    0x1a  Code  Lc  rtx_msgqueue.o [2]
OS_Tick_AcknowledgeIRQ       0x14d5     0xc  Code  Gb  os_systick.o [2]
OS_Tick_Enable               0x2215    0x28  Code  Gb  os_systick.o [2]
OS_Tick_GetIRQn              0x220d     0x6  Code  Gb  os_systick.o [2]
OS_Tick_Setup                0x21d1    0x3c  Code  Gb  os_systick.o [2]
PendST                  0x2000'140c     0x1  Data  Lc  os_systick.o [2]
PendSV_Handler               0x29b5          Code  Gb  irq_cm4f.o [2]
Phases_Mutex_attr            0x2604    0x10  Data  Gb  lab06.o [1]
Region$$Table$$Base          0x2c24           --   Gb  - Linker created -
Region$$Table$$Limit         0x2c44           --   Gb  - Linker created -
SVC_Handler                  0x291d          Code  Gb  irq_cm4f.o [2]
Switch_Off                   0x2473     0xc  Code  Gb  lab06.o [1]
Switch_On                    0x2465     0xe  Code  Gb  lab06.o [1]
SysCtlClockFreqSet           0x1c83   0x218  Code  Gb  sysctl.o [4]
SysCtlPeripheralEnable       0x1c65     0x8  Code  Gb  sysctl.o [4]
SysCtlPeripheralReady        0x1c43     0x8  Code  Gb  sysctl.o [4]
SysTick_Handler              0x29c5          Code  Gb  irq_cm4f.o [2]
SystemCoreClock         0x2000'1410     0x4  Data  Gb  system_TM4C1294_TW.o [1]
SystemInit                   0x2b89    0x1a  Code  Gb  system_TM4C1294_TW.o [1]
ThreadFlagsCheck              0x3c1    0x6c  Code  Lc  rtx_thread.o [2]
TimerInsert                  0x29e1    0x38  Code  Lc  rtx_timer.o [2]
_SysCtlMemTimingGet          0x1c21    0x22  Code  Lc  sysctl.o [4]
__Vectors                       0x0           --   Gb  startup_TM4C1294.o [1]
__Vectors_End                 0x3c0          Data  Gb  startup_TM4C1294.o [1]
__Vectors_Size {Abs}          0x3c0           --   Gb  startup_TM4C1294.o [1]
__aeabi_memclr               0x1ba9          Code  Gb  ABImemclr.o [5]
__aeabi_memclr4               0xf61          Code  Gb  ABImemclr4.o [5]
__aeabi_memcpy               0x1afd          Code  Gb  ABImemcpy.o [5]
__aeabi_memcpy4              0x1b1d          Code  Gb  ABImemcpy.o [5]
__aeabi_memcpy8              0x1b1d          Code  Gb  ABImemcpy.o [5]
__cmain                      0x2c45          Code  Gb  cmain.o [5]
__exit                       0x2c79    0x14  Code  Gb  exit.o [6]
__iar_Memset4_word           0x148d          Code  Gb  ABImemset48.o [5]
__iar_Memset8_word           0x148d          Code  Gb  ABImemset48.o [5]
__iar_Memset_word            0x1bc1          Code  Gb  ABImemset.o [5]
__iar_data_init3             0x2bb5    0x28  Code  Gb  data_init.o [5]
__iar_init_vfp               0x2cb1          Code  Wk  startup_TM4C1294.o [1]
__iar_packbits_init_single3
                              0xdbb    0x3a  Code  Gb  packbits_init_single.o [5]
__iar_program_start          0x2c8d          Code  Gb  cstartup_M.o [5]
__iar_zero_init3             0x2b1f    0x38  Code  Gb  zero_init3.o [5]
__low_level_init             0x2c63     0x4  Code  Gb  low_level_init.o [3]
__vector_table                  0x0          Data  Gb  startup_TM4C1294.o [1]
__vector_table_0x1c            0x1c          Data  Gb  startup_TM4C1294.o [1]
_call_main                   0x2c51          Code  Gb  cmain.o [5]
_exit                        0x2c6d          Code  Gb  cexit.o [5]
app_main                     0x2569    0x5a  Code  Gb  lab06.o [1]
clock                        0x254f    0x18  Code  Gb  lab06.o [1]
exit                         0x2c67     0x4  Code  Gb  exit.o [3]
g_pppui32XTALtoVCO           0x2248   0x1b0  Data  Lc  sysctl.o [4]
g_pui32VCOFrequencies        0x1ed4     0x8  Data  Lc  sysctl.o [4]
g_pui32Xtals                 0x23f8    0x6c  Data  Lc  sysctl.o [4]
g_sXTALtoMEMTIM              0x2b58    0x30  Data  Lc  sysctl.o [4]
main                         0x25c3    0x24  Code  Gb  lab06.o [1]
osDelay                      0x2785    0x38  Code  Gb  rtx_delay.o [2]
osKernelGetState             0x20e9    0x40  Code  Gb  rtx_kernel.o [2]
osKernelInitialize           0x20b1    0x38  Code  Gb  rtx_kernel.o [2]
osKernelStart                0x2129    0x34  Code  Gb  rtx_kernel.o [2]
osMessageQueueGet            0x1a59    0x90  Code  Gb  rtx_msgqueue.o [2]
osMessageQueueNew            0x1981    0x3e  Code  Gb  rtx_msgqueue.o [2]
osMessageQueuePut            0x19c1    0x98  Code  Gb  rtx_msgqueue.o [2]
osMutexAcquire               0x1275    0x3e  Code  Gb  rtx_mutex.o [2]
osMutexNew                   0x123d    0x36  Code  Gb  rtx_mutex.o [2]
osMutexRelease               0x12b5    0x3a  Code  Gb  rtx_mutex.o [2]
osRtxConfig                  0x2a70    0x68  Data  Gb  rtx_lib.o [1]
osRtxErrorNotify             0x1483     0x2  Code  Gb  RTX_Config.o [1]
osRtxIdleThread               0xfb3     0x2  Code  Gb  RTX_Config.o [1]
osRtxInfo               0x2000'0000    0xa4  Data  Gb  rtx_kernel.o [2]
osRtxKernelPreInit           0x223f     0x2  Code  Gb  rtx_lib.o [1]
osRtxMemoryAlloc              0xedd    0x84  Code  Gb  rtx_memory.o [2]
osRtxMemoryFree               0xf69    0x4a  Code  Gb  rtx_memory.o [2]
osRtxMemoryInit              0x2187    0x44  Code  Gb  rtx_memory.o [2]
osRtxMemoryPoolAlloc          0xe41    0x44  Code  Gb  rtx_mempool.o [2]
osRtxMemoryPoolFree           0xe85    0x56  Code  Gb  rtx_mempool.o [2]
osRtxMemoryPoolInit           0xdf5    0x4a  Code  Gb  rtx_mempool.o [2]
osRtxMessageQueuePostProcess
                             0x1587    0xe6  Code  Lc  rtx_msgqueue.o [2]
osRtxMutexOwnerRelease        0xfb5    0x52  Code  Gb  rtx_mutex.o [2]
osRtxPendSV_Handler          0x1385    0x88  Code  Gb  rtx_system.o [2]
osRtxPostProcess             0x140d    0x6c  Code  Gb  rtx_system.o [2]
osRtxThreadBlock              0x64b    0x34  Code  Lc  rtx_thread.o [2]
osRtxThreadDelayInsert        0x4a3    0x62  Code  Lc  rtx_thread.o [2]
osRtxThreadDelayRemove        0x505    0x44  Code  Lc  rtx_thread.o [2]
osRtxThreadDelayTick          0x549    0xee  Code  Gb  rtx_thread.o [2]
osRtxThreadDispatch           0x69b    0x54  Code  Gb  rtx_thread.o [2]
osRtxThreadFree               0x979    0x54  Code  Lc  rtx_thread.o [2]
osRtxThreadListGet            0x44f    0x14  Code  Gb  rtx_thread.o [2]
osRtxThreadListPut            0x42d    0x22  Code  Gb  rtx_thread.o [2]
osRtxThreadListRemove         0x485    0x16  Code  Gb  rtx_thread.o [2]
osRtxThreadListSort           0x463    0x22  Code  Gb  rtx_thread.o [2]
osRtxThreadPostProcess        0x763    0x54  Code  Lc  rtx_thread.o [2]
osRtxThreadReadyPut           0x49b     0x8  Code  Gb  rtx_thread.o [2]
osRtxThreadRegPtr             0x637    0x14  Code  Gb  rtx_thread.o [2]
osRtxThreadStackCheck         0xd8d    0x28  Code  Gb  rtx_thread.o [2]
osRtxThreadStartup            0xc03    0x30  Code  Gb  rtx_thread.o [2]
osRtxThreadSwitch             0x67f    0x1c  Code  Gb  rtx_thread.o [2]
osRtxThreadWaitEnter          0x729    0x3a  Code  Gb  rtx_thread.o [2]
osRtxThreadWaitExit           0x6f5    0x2e  Code  Gb  rtx_thread.o [2]
osRtxTick_Handler            0x1315    0x6e  Code  Gb  rtx_system.o [2]
osRtxTimerThread             0x2ad9    0x44  Code  Gb  rtx_timer.o [2]
osRtxTimerTick               0x2a19    0x54  Code  Lc  rtx_timer.o [2]
osRtxUserSVC                 0x2ce0     0x4  Data  Gb  rtx_lib.o [1]
osThreadExit                  0xc7d    0x16  Code  Gb  rtx_thread.o [2]
osThreadFlagsSet              0xca1    0x7a  Code  Gb  rtx_thread.o [2]
osThreadFlagsWait             0xd1d    0x42  Code  Gb  rtx_thread.o [2]
osThreadNew                   0xc35    0x40  Code  Gb  rtx_thread.o [2]
os_idle_thread_attr          0x2bdc    0x24  Data  Lc  rtx_lib.o [1]
os_idle_thread_cb       0x2000'12f8    0x44  Data  Lc  rtx_lib.o [1]
os_idle_thread_stack    0x2000'10a8   0x100  Data  Lc  rtx_lib.o [1]
os_isr_queue            0x2000'1380    0x40  Data  Lc  rtx_lib.o [1]
os_mem                  0x2000'00a8  0x1000  Data  Lc  rtx_lib.o [1]
os_timer_mq_attr             0x2cbc    0x18  Data  Lc  rtx_lib.o [1]
os_timer_mq_cb          0x2000'13c0    0x34  Data  Lc  rtx_lib.o [1]
os_timer_mq_data        0x2000'12a8    0x50  Data  Lc  rtx_lib.o [1]
os_timer_thread_attr         0x2c00    0x24  Data  Lc  rtx_lib.o [1]
os_timer_thread_cb      0x2000'133c    0x44  Data  Lc  rtx_lib.o [1]
os_timer_thread_stack   0x2000'11a8   0x100  Data  Lc  rtx_lib.o [1]
phaseA                       0x24d3    0x1c  Code  Gb  lab06.o [1]
phaseB                       0x24ef    0x1c  Code  Gb  lab06.o [1]
phaseC                       0x250b    0x1c  Code  Gb  lab06.o [1]
phaseD                       0x2533    0x1c  Code  Gb  lab06.o [1]
phases_mut_id           0x2000'1408     0x4  Data  Gb  lab06.o [1]
signal_func                  0x2497    0x32  Code  Gb  lab06.o [1]
svcRtxDelay                  0x2761    0x24  Code  Lc  rtx_delay.o [2]
svcRtxKernelGetState         0x2009    0x12  Code  Lc  rtx_kernel.o [2]
svcRtxKernelInitialize       0x1edd   0x12c  Code  Lc  rtx_kernel.o [2]
svcRtxKernelStart            0x201b    0x96  Code  Lc  rtx_kernel.o [2]
svcRtxMessageQueueGet        0x1871    0xe8  Code  Lc  rtx_msgqueue.o [2]
svcRtxMessageQueueNew        0x166d   0x130  Code  Lc  rtx_msgqueue.o [2]
svcRtxMessageQueuePut        0x179d    0xd4  Code  Lc  rtx_msgqueue.o [2]
svcRtxMutexAcquire           0x1089    0xd2  Code  Lc  rtx_mutex.o [2]
svcRtxMutexNew               0x1007    0x82  Code  Lc  rtx_mutex.o [2]
svcRtxMutexRelease           0x115b    0xd6  Code  Lc  rtx_mutex.o [2]
svcRtxThreadExit              0x9cd    0x8e  Code  Lc  rtx_thread.o [2]
svcRtxThreadFlagsSet          0xa5d    0x9c  Code  Lc  rtx_thread.o [2]
svcRtxThreadFlagsWait         0xafd   0x106  Code  Lc  rtx_thread.o [2]
svcRtxThreadNew               0x7b7   0x1bc  Code  Lc  rtx_thread.o [2]
tid_clock               0x2000'1404     0x4  Data  Gb  lab06.o [1]
tid_phaseA              0x2000'13f4     0x4  Data  Gb  lab06.o [1]
tid_phaseB              0x2000'13f8     0x4  Data  Gb  lab06.o [1]
tid_phaseC              0x2000'13fc     0x4  Data  Gb  lab06.o [1]
tid_phaseD              0x2000'1400     0x4  Data  Gb  lab06.o [1]


[1] = E:\Universidade\2020_2\Sistemas Embarcados\Laboratorio6\Projects\lab06\ewarm\Obj
[2] = RTX_CM.a
[3] = dl7M_tln.a
[4] = driverlib.a
[5] = rt7M_tl.a
[6] = shb_l.a

  10'652 bytes of readonly  code memory
     853 bytes of readonly  data memory
  37'905 bytes of readwrite data memory

Errors: none
Warnings: none
