###############################################################################
#
# IAR ELF Linker V9.10.1.308/W64 for ARM                  09/Apr/2021  17:40:00
# Copyright 2007-2021 IAR Systems AB.
#
#    Output file  =
#        E:\Universidade\2020_2\Sistemas
#        Embarcados\Laboratorio6\Projects\sinalizador\ewarm\Exe\sinalizador.out
#    Map file     =
#        E:\Universidade\2020_2\Sistemas
#        Embarcados\Laboratorio6\Projects\sinalizador\ewarm\List\sinalizador.map
#    Command line =
#        -f "E:\Universidade\2020_2\Sistemas
#        Embarcados\Laboratorio6\Projects\sinalizador\ewarm\Exe\sinalizador.out.rsp"
#        ("E:\Universidade\2020_2\Sistemas
#        Embarcados\Laboratorio6\Projects\sinalizador\ewarm\Obj\driverleds.o"
#        "E:\Universidade\2020_2\Sistemas
#        Embarcados\Laboratorio6\TivaWare_C_Series-2.1.4.178\driverlib\ewarm\Exe\driverlib.a"
#        "E:\Universidade\2020_2\Sistemas
#        Embarcados\Laboratorio6\CMSIS-5.6.0\CMSIS\RTOS2\RTX\Library\IAR\IDE\CM4F\Exe\RTX_CM.a"
#        "E:\Universidade\2020_2\Sistemas
#        Embarcados\Laboratorio6\Projects\sinalizador\ewarm\Obj\RTX_Config.o"
#        "E:\Universidade\2020_2\Sistemas
#        Embarcados\Laboratorio6\Projects\sinalizador\ewarm\Obj\rtx_lib.o"
#        "E:\Universidade\2020_2\Sistemas
#        Embarcados\Laboratorio6\Projects\sinalizador\ewarm\Obj\sinalizador.o"
#        "E:\Universidade\2020_2\Sistemas
#        Embarcados\Laboratorio6\Projects\sinalizador\ewarm\Obj\startup_TM4C1294.o"
#        "E:\Universidade\2020_2\Sistemas
#        Embarcados\Laboratorio6\Projects\sinalizador\ewarm\Obj\system_TM4C1294_TW.o"
#        --no_out_extension -o "E:\Universidade\2020_2\Sistemas
#        Embarcados\Laboratorio6\Projects\sinalizador\ewarm\Exe\sinalizador.out"
#        --map "E:\Universidade\2020_2\Sistemas
#        Embarcados\Laboratorio6\Projects\sinalizador\ewarm\List\sinalizador.map"
#        --config "C:\Program Files\IAR Systems\Embedded Workbench
#        9.0\arm\config\linker\TexasInstruments\TM4C1294NC.icf" --semihosting
#        --entry __iar_program_start --vfe --text_out locale)
#
###############################################################################

*******************************************************************************
*** RUNTIME MODEL ATTRIBUTES
***

CppFlavor       = *
__SystemLibrary = DLib
__dlib_version  = 6


*******************************************************************************
*** HEAP SELECTION
***

The basic heap was selected because some modules are built with
size limitations (and not runtime checking), and --advanced_heap
was not specified.


*******************************************************************************
*** PLACEMENT SUMMARY
***

"A0":  place at address 0x0 { ro section .intvec };
"P1":  place in [from 0x0 to 0xf'ffff] { ro };
define block CSTACK with size = 32K, alignment = 8 { };
define block HEAP with size = 64K, alignment = 8 { };
"P2":  place in [from 0x2000'0000 to 0x2003'ffff] {
          rw, block CSTACK, block HEAP };
initialize by copy { rw };

  Section               Kind         Address    Size  Object
  -------               ----         -------    ----  ------
"A0":                                          0x3c0
  .intvec               ro code          0x0   0x3c0  startup_TM4C1294.o [1]
                                     - 0x3c0   0x3c0

"P1":                                         0x24f9
  .text                 ro code        0x3c0   0x994  rtx_thread.o [2]
  .text                 ro code        0xd54     0x2  rtx_evr.o [2]
  .text                 ro code        0xd56     0x2  rtx_evr.o [2]
  .text                 ro code        0xd58     0x2  rtx_evr.o [2]
  .text                 ro code        0xd5a     0x2  rtx_evr.o [2]
  .text                 ro code        0xd5c     0x2  rtx_evr.o [2]
  .text                 ro code        0xd5e     0x2  rtx_evr.o [2]
  .text                 ro code        0xd60     0x2  rtx_evr.o [2]
  .text                 ro code        0xd62     0x2  rtx_evr.o [2]
  .text                 ro code        0xd64     0x2  rtx_evr.o [2]
  .text                 ro code        0xd66     0x2  rtx_evr.o [2]
  .text                 ro code        0xd68    0x28  rtx_thread.o [2]
  .text                 ro code        0xd90     0x2  rtx_evr.o [2]
  .text                 ro code        0xd92     0x2  rtx_evr.o [2]
  .text                 ro code        0xd94     0x2  rtx_evr.o [2]
  .text                 ro code        0xd96    0x3a  packbits_init_single.o [5]
  .text                 ro code        0xdd0    0xe6  rtx_mempool.o [2]
  .text                 ro code        0xeb6     0x2  rtx_evr.o [2]
  .text                 ro code        0xeb8    0x84  rtx_memory.o [2]
  .text                 ro code        0xf3c     0x6  ABImemclr4.o [5]
  .text                 ro code        0xf42     0x2  rtx_evr.o [2]
  .text                 ro code        0xf44    0x4a  rtx_memory.o [2]
  .text                 ro code        0xf8e     0x2  RTX_Config.o [1]
  .text                 ro code        0xf90    0x52  rtx_mutex.o [2]
  .text                 ro code        0xfe2     0x2  rtx_evr.o [2]
  .text                 ro code        0xfe4     0x2  rtx_evr.o [2]
  .text                 ro code        0xfe6     0x2  rtx_evr.o [2]
  .text                 ro code        0xfe8     0x2  rtx_evr.o [2]
  .text                 ro code        0xfea     0x2  rtx_evr.o [2]
  .text                 ro code        0xfec     0x2  rtx_evr.o [2]
  .text                 ro code        0xfee     0x2  rtx_evr.o [2]
  .text                 ro code        0xff0     0x2  rtx_evr.o [2]
  .text                 ro code        0xff2     0x2  rtx_evr.o [2]
  .text                 ro code        0xff4   0x16c  rtx_system.o [2]
  .text                 ro code       0x1160     0x2  rtx_evr.o [2]
  .text                 ro code       0x1162     0x2  RTX_Config.o [1]
  .text                 ro code       0x1164     0x2  rtx_evr.o [2]
  .text                 ro code       0x1166     0x2  rtx_evr.o [2]
  .text                 ro code       0x1168     0x2  rtx_evr.o [2]
  .text                 ro code       0x116a     0x2  rtx_evr.o [2]
  .text                 ro code       0x116c    0x32  ABImemset48.o [5]
  .text                 ro code       0x119e     0x2  rtx_evr.o [2]
  .text                 ro code       0x11a0     0x2  rtx_evr.o [2]
  .text                 ro code       0x11a2     0x2  rtx_evr.o [2]
  .text                 ro code       0x11a4     0xc  os_systick.o [2]
  .text                 ro code       0x11b0   0x61c  rtx_msgqueue.o [2]
  .text                 ro code       0x17cc    0xa6  ABImemcpy.o [5]
  .text                 ro code       0x1872     0x2  rtx_evr.o [2]
  .text                 ro code       0x1874     0x2  rtx_evr.o [2]
  .text                 ro code       0x1876     0x2  rtx_evr.o [2]
  .text                 ro code       0x1878     0x6  ABImemclr.o [5]
  .text                 ro code       0x187e     0x2  rtx_evr.o [2]
  .text                 ro code       0x1880     0x2  rtx_evr.o [2]
  .text                 ro code       0x1882     0x2  rtx_evr.o [2]
  .text                 ro code       0x1884     0x2  rtx_evr.o [2]
  .text                 ro code       0x1886     0x2  rtx_evr.o [2]
  .text                 ro code       0x1888     0x2  rtx_evr.o [2]
  .text                 ro code       0x188a     0x2  rtx_evr.o [2]
  .text                 ro code       0x188c     0x2  rtx_evr.o [2]
  .text                 ro code       0x188e     0x2  rtx_evr.o [2]
  .text                 ro code       0x1890    0x5e  ABImemset.o [5]
  .text                 ro code       0x18ee     0x2  startup_TM4C1294.o [1]
  .text                 ro code       0x18f0   0x2dc  rtx_kernel.o [2]
  .text                 ro code       0x1bcc     0x2  rtx_evr.o [2]
  .text                 ro code       0x1bce    0x44  rtx_memory.o [2]
  .text                 ro code       0x1c12     0x2  rtx_evr.o [2]
  .text                 ro code       0x1c14     0x2  rtx_evr.o [2]
  .text                 ro code       0x1c18    0x3c  os_systick.o [2]
  .text                 ro code       0x1c54     0x6  os_systick.o [2]
  .text                 ro code       0x1c5c    0x28  os_systick.o [2]
  .text                 ro code       0x1c84     0x2  rtx_evr.o [2]
  .text                 ro code       0x1c86     0x2  rtx_lib.o [1]
  .text                 ro code       0x1c88     0x2  rtx_evr.o [2]
  .text                 ro code       0x1c8a     0x2  rtx_evr.o [2]
  .text                 ro code       0x1c8c     0x2  rtx_evr.o [2]
  .text                 ro code       0x1c8e     0x2  rtx_evr.o [2]
  .text                 ro code       0x1c90   0x2bc  sysctl.o [4]
  .rodata               const         0x1f4c   0x21c  sysctl.o [4]
  .text                 ro code       0x2168   0x150  gpio.o [4]
  .text                 ro code       0x22b8   0x134  driverleds.o [1]
  .text                 ro code       0x23ec    0xc4  irq_cm4f.o [2]
  .text                 ro code       0x24b0    0x90  rtx_timer.o [2]
  .text                 ro code       0x2540    0x80  sinalizador.o [1]
  .text                 ro code       0x25c0    0x7c  rtx_delay.o [2]
  .text                 ro code       0x263c    0x2c  system_TM4C1294_TW.o [1]
  .text                 ro code       0x2668     0x2  rtx_evr.o [2]
  .text                 ro code       0x266a     0x2  rtx_evr.o [2]
  .text                 ro code       0x266c     0x2  rtx_evr.o [2]
  .rodata               const         0x2670    0x68  rtx_lib.o [1]
  .text                 ro code       0x26d8    0x44  rtx_timer.o [2]
  .text                 ro code       0x271c     0x2  rtx_evr.o [2]
  .text                 ro code       0x271e    0x38  zero_init3.o [5]
  .rodata               const         0x2758    0x30  sysctl.o [4]
  .text                 ro code       0x2788    0x28  data_init.o [5]
  .rodata               const         0x27b0    0x24  rtx_lib.o [1]
  .rodata               const         0x27d4    0x24  rtx_lib.o [1]
  .iar.init_table       const         0x27f8    0x20  - Linker created -
  .text                 ro code       0x2818    0x1e  cmain.o [5]
  .text                 ro code       0x2836     0x4  low_level_init.o [3]
  .text                 ro code       0x283a     0x4  exit.o [3]
  .text                 ro code       0x2840     0xa  cexit.o [5]
  .text                 ro code       0x284c    0x14  exit.o [6]
  .text                 ro code       0x2860    0x1c  cstartup_M.o [5]
  .text                 ro code       0x287c    0x14  startup_TM4C1294.o [1]
  .rodata               const         0x2890    0x18  rtx_lib.o [1]
  .rodata               const         0x28a8     0x4  rtx_lib.o [1]
  .rodata               const         0x28ac     0x0  zero_init3.o [5]
  .rodata               const         0x28ac     0x0  packbits_init_single.o [5]
  Initializer bytes     const         0x28ac     0xd  <for P2-1>
                                    - 0x28b9  0x24f9

"P2", part 1 of 3:                              0xa4
  P2-1                           0x2000'0000    0xa4  <Init block>
    .data.os            inited   0x2000'0000    0xa4  rtx_kernel.o [2]
                               - 0x2000'00a4    0xa4

"P2", part 2 of 3:                            0x135c
  .bss.os               zero     0x2000'00a8  0x1000  rtx_lib.o [1]
  .bss.os.thread.stack  zero     0x2000'10a8   0x100  rtx_lib.o [1]
  .bss.os.thread.stack  zero     0x2000'11a8   0x100  rtx_lib.o [1]
  .bss.os.msgqueue.mem  zero     0x2000'12a8    0x50  rtx_lib.o [1]
  .bss.os.thread.cb     zero     0x2000'12f8    0x44  rtx_lib.o [1]
  .bss.os.thread.cb     zero     0x2000'133c    0x44  rtx_lib.o [1]
  .bss.os               zero     0x2000'1380    0x40  rtx_lib.o [1]
  .bss.os.msgqueue.cb   zero     0x2000'13c0    0x34  rtx_lib.o [1]
  .bss                  zero     0x2000'13f4     0x8  sinalizador.o [1]
  .bss                  zero     0x2000'13fc     0x1  os_systick.o [2]
                               - 0x2000'13fd  0x1359

"P2", part 3 of 3:                            0x8008
  .noinit               uninit   0x2000'1400     0x4  system_TM4C1294_TW.o [1]
  CSTACK                         0x2000'1408  0x8000  <Block>
    CSTACK              uninit   0x2000'1408  0x8000  <Block tail>
                               - 0x2000'9408  0x8008

Unused ranges:

         From           To      Size
         ----           --      ----
       0x28b9     0xf'ffff  0xf'd747
  0x2000'9408  0x2003'ffff  0x3'6bf8


*******************************************************************************
*** INIT TABLE
***

          Address      Size
          -------      ----
Zero (__iar_zero_init3)
    1 destination range, total size 0x1355:
          0x2000'00a8  0x1355

Copy/packbits (__iar_packbits_init_single3)
    1 source range, total size 0xd (7% of destination):
               0x28ac     0xd
    1 destination range, total size 0xa4:
          0x2000'0000    0xa4



*******************************************************************************
*** MODULE SUMMARY
***

    Module                  ro code  ro data  rw data
    ------                  -------  -------  -------
command line/config:
    -------------------------------------------------
    Total:

E:\Universidade\2020_2\Sistemas Embarcados\Laboratorio6\Projects\sinalizador\ewarm\Obj: [1]
    RTX_Config.o                  4
    driverleds.o                308
    rtx_lib.o                     2      204    4'940
    sinalizador.o               128                 8
    startup_TM4C1294.o          982
    system_TM4C1294_TW.o         44                 4
    -------------------------------------------------
    Total:                    1'468      204    4'952

RTX_CM.a: [2]
    irq_cm4f.o                  196
    os_systick.o                118                 1
    rtx_delay.o                 124
    rtx_evr.o                   112
    rtx_kernel.o                732       13      164
    rtx_memory.o                274
    rtx_mempool.o               230
    rtx_msgqueue.o            1'564
    rtx_mutex.o                  82
    rtx_system.o                364
    rtx_thread.o              2'492
    rtx_timer.o                 212
    -------------------------------------------------
    Total:                    6'500       13      165

dl7M_tln.a: [3]
    exit.o                        4
    low_level_init.o              4
    -------------------------------------------------
    Total:                        8

driverlib.a: [4]
    gpio.o                      336
    sysctl.o                    700      588
    -------------------------------------------------
    Total:                    1'036      588

rt7M_tl.a: [5]
    ABImemclr.o                   6
    ABImemclr4.o                  6
    ABImemcpy.o                 166
    ABImemset.o                  94
    ABImemset48.o                50
    cexit.o                      10
    cmain.o                      30
    cstartup_M.o                 28
    data_init.o                  40
    packbits_init_single.o       58
    zero_init3.o                 56
    -------------------------------------------------
    Total:                      544

shb_l.a: [6]
    exit.o                       20
    -------------------------------------------------
    Total:                       20

    Gaps                          8        4        4
    Linker created                        32   32'768
-----------------------------------------------------
    Grand Total:              9'584      841   37'889


*******************************************************************************
*** ENTRY LIST
***

Entry                       Address    Size  Type      Object
-----                       -------    ----  ----      ------
.iar.init_table$$Base        0x27f8           --   Gb  - Linker created -
.iar.init_table$$Limit       0x2818           --   Gb  - Linker created -
?main                        0x2819          Code  Gb  cmain.o [5]
AcionaLED                    0x2541    0x1e  Code  Gb  sinalizador.o [1]
AcionaLED_id            0x2000'13f4     0x4  Data  Gb  sinalizador.o [1]
CSTACK$$Base            0x2000'1408           --   Gb  - Linker created -
CSTACK$$Limit           0x2000'9408           --   Gb  - Linker created -
EvrRtxDelayCompleted          0xd55     0x2  Code  Gb  rtx_evr.o [2]
EvrRtxDelayError             0x2669     0x2  Code  Gb  rtx_evr.o [2]
EvrRtxDelayUntil             0x266d     0x2  Code  Gb  rtx_evr.o [2]
EvrRtxDelayUntilStarted
                             0x266b     0x2  Code  Gb  rtx_evr.o [2]
EvrRtxEventFlagsWaitTimeout
                              0xd59     0x2  Code  Gb  rtx_evr.o [2]
EvrRtxKernelError            0x1bcd     0x2  Code  Gb  rtx_evr.o [2]
EvrRtxKernelGetState         0x1c15     0x2  Code  Gb  rtx_evr.o [2]
EvrRtxKernelGetTickCount
                             0x1c8d     0x2  Code  Gb  rtx_evr.o [2]
EvrRtxKernelInitialize       0x1c89     0x2  Code  Gb  rtx_evr.o [2]
EvrRtxKernelInitialized
                             0x1c13     0x2  Code  Gb  rtx_evr.o [2]
EvrRtxKernelStart            0x1c8b     0x2  Code  Gb  rtx_evr.o [2]
EvrRtxKernelStarted          0x1c85     0x2  Code  Gb  rtx_evr.o [2]
EvrRtxMemoryAlloc            0x116b     0x2  Code  Gb  rtx_evr.o [2]
EvrRtxMemoryBlockAlloc       0x1167     0x2  Code  Gb  rtx_evr.o [2]
EvrRtxMemoryBlockFree        0x1169     0x2  Code  Gb  rtx_evr.o [2]
EvrRtxMemoryBlockInit        0x1165     0x2  Code  Gb  rtx_evr.o [2]
EvrRtxMemoryFree             0x119f     0x2  Code  Gb  rtx_evr.o [2]
EvrRtxMemoryInit             0x1c8f     0x2  Code  Gb  rtx_evr.o [2]
EvrRtxMemoryPoolAllocTimeout
                              0xd5f     0x2  Code  Gb  rtx_evr.o [2]
EvrRtxMessageQueueCreated
                             0x187f     0x2  Code  Gb  rtx_evr.o [2]
EvrRtxMessageQueueError
                             0x1877     0x2  Code  Gb  rtx_evr.o [2]
EvrRtxMessageQueueGet        0x188f     0x2  Code  Gb  rtx_evr.o [2]
EvrRtxMessageQueueGetPending
                             0x1885     0x2  Code  Gb  rtx_evr.o [2]
EvrRtxMessageQueueGetTimeout
                              0xd61     0x2  Code  Gb  rtx_evr.o [2]
EvrRtxMessageQueueInsertPending
                             0x188d     0x2  Code  Gb  rtx_evr.o [2]
EvrRtxMessageQueueInserted
                             0x1873     0x2  Code  Gb  rtx_evr.o [2]
EvrRtxMessageQueueNew        0x1889     0x2  Code  Gb  rtx_evr.o [2]
EvrRtxMessageQueueNotInserted
                             0x1883     0x2  Code  Gb  rtx_evr.o [2]
EvrRtxMessageQueueNotRetrieved
                             0x1887     0x2  Code  Gb  rtx_evr.o [2]
EvrRtxMessageQueuePut        0x188b     0x2  Code  Gb  rtx_evr.o [2]
EvrRtxMessageQueuePutPending
                             0x1881     0x2  Code  Gb  rtx_evr.o [2]
EvrRtxMessageQueuePutTimeout
                              0xd63     0x2  Code  Gb  rtx_evr.o [2]
EvrRtxMessageQueueRetrieved
                             0x1875     0x2  Code  Gb  rtx_evr.o [2]
EvrRtxMutexAcquireTimeout
                              0xd5b     0x2  Code  Gb  rtx_evr.o [2]
EvrRtxMutexAcquired          0x11a3     0x2  Code  Gb  rtx_evr.o [2]
EvrRtxMutexReleased          0x11a1     0x2  Code  Gb  rtx_evr.o [2]
EvrRtxSemaphoreAcquireTimeout
                              0xd5d     0x2  Code  Gb  rtx_evr.o [2]
EvrRtxThreadBlocked           0xd93     0x2  Code  Gb  rtx_evr.o [2]
EvrRtxThreadCreated           0xf43     0x2  Code  Gb  rtx_evr.o [2]
EvrRtxThreadDestroyed         0xfe5     0x2  Code  Gb  rtx_evr.o [2]
EvrRtxThreadError             0xeb7     0x2  Code  Gb  rtx_evr.o [2]
EvrRtxThreadExit              0xff1     0x2  Code  Gb  rtx_evr.o [2]
EvrRtxThreadFlagsError        0xfe7     0x2  Code  Gb  rtx_evr.o [2]
EvrRtxThreadFlagsSet          0xff3     0x2  Code  Gb  rtx_evr.o [2]
EvrRtxThreadFlagsSetDone
                              0xfe9     0x2  Code  Gb  rtx_evr.o [2]
EvrRtxThreadFlagsWait        0x1161     0x2  Code  Gb  rtx_evr.o [2]
EvrRtxThreadFlagsWaitCompleted
                              0xd95     0x2  Code  Gb  rtx_evr.o [2]
EvrRtxThreadFlagsWaitNotCompleted
                              0xfed     0x2  Code  Gb  rtx_evr.o [2]
EvrRtxThreadFlagsWaitPending
                              0xfeb     0x2  Code  Gb  rtx_evr.o [2]
EvrRtxThreadFlagsWaitTimeout
                              0xd57     0x2  Code  Gb  rtx_evr.o [2]
EvrRtxThreadJoined            0xfe3     0x2  Code  Gb  rtx_evr.o [2]
EvrRtxThreadNew               0xfef     0x2  Code  Gb  rtx_evr.o [2]
EvrRtxThreadPreempted         0xd67     0x2  Code  Gb  rtx_evr.o [2]
EvrRtxThreadSwitched          0xd91     0x2  Code  Gb  rtx_evr.o [2]
EvrRtxThreadUnblocked         0xd65     0x2  Code  Gb  rtx_evr.o [2]
EvrRtxTimerCallback          0x271d     0x2  Code  Gb  rtx_evr.o [2]
GPIODirModeSet               0x2169    0x28  Code  Gb  gpio.o [4]
GPIOPadConfigSet             0x2191   0x104  Code  Gb  gpio.o [4]
GPIOPinTypeGPIOOutput        0x229d     0xa  Code  Gb  gpio.o [4]
GPIOPinWrite                 0x2295     0x8  Code  Gb  gpio.o [4]
LEDInit                      0x22b9    0xac  Code  Gb  driverleds.o [1]
LEDWrite                     0x2383    0x58  Code  Gb  driverleds.o [1]
MessageQueueGet              0x11fd    0x40  Code  Lc  rtx_msgqueue.o [2]
MessageQueuePut              0x11b1    0x4a  Code  Lc  rtx_msgqueue.o [2]
MessageQueueRemove           0x123d    0x1a  Code  Lc  rtx_msgqueue.o [2]
OS_Tick_AcknowledgeIRQ       0x11a5     0xc  Code  Gb  os_systick.o [2]
OS_Tick_Enable               0x1c5d    0x28  Code  Gb  os_systick.o [2]
OS_Tick_GetIRQn              0x1c55     0x6  Code  Gb  os_systick.o [2]
OS_Tick_Setup                0x1c19    0x3c  Code  Gb  os_systick.o [2]
PendST                  0x2000'13fc     0x1  Data  Lc  os_systick.o [2]
PendSV_Handler               0x2485          Code  Gb  irq_cm4f.o [2]
Region$$Table$$Base          0x27f8           --   Gb  - Linker created -
Region$$Table$$Limit         0x2818           --   Gb  - Linker created -
SVC_Handler                  0x23ed          Code  Gb  irq_cm4f.o [2]
SysCtlClockFreqSet           0x1cf3   0x218  Code  Gb  sysctl.o [4]
SysCtlPeripheralEnable       0x1cd5     0x8  Code  Gb  sysctl.o [4]
SysCtlPeripheralReady        0x1cb3     0x8  Code  Gb  sysctl.o [4]
SysTick_Handler              0x2495          Code  Gb  irq_cm4f.o [2]
SystemCoreClock         0x2000'1400     0x4  Data  Gb  system_TM4C1294_TW.o [1]
SystemInit                   0x263d    0x1a  Code  Gb  system_TM4C1294_TW.o [1]
Temporiza                    0x255f    0x1c  Code  Gb  sinalizador.o [1]
Temporiza_id            0x2000'13f8     0x4  Data  Gb  sinalizador.o [1]
ThreadFlagsCheck              0x3c1    0x6c  Code  Lc  rtx_thread.o [2]
TimerInsert                  0x24b1    0x38  Code  Lc  rtx_timer.o [2]
_SysCtlMemTimingGet          0x1c91    0x22  Code  Lc  sysctl.o [4]
__Vectors                       0x0           --   Gb  startup_TM4C1294.o [1]
__Vectors_End                 0x3c0          Data  Gb  startup_TM4C1294.o [1]
__Vectors_Size {Abs}          0x3c0           --   Gb  startup_TM4C1294.o [1]
__aeabi_memclr               0x1879          Code  Gb  ABImemclr.o [5]
__aeabi_memclr4               0xf3d          Code  Gb  ABImemclr4.o [5]
__aeabi_memcpy               0x17cd          Code  Gb  ABImemcpy.o [5]
__aeabi_memcpy4              0x17ed          Code  Gb  ABImemcpy.o [5]
__aeabi_memcpy8              0x17ed          Code  Gb  ABImemcpy.o [5]
__cmain                      0x2819          Code  Gb  cmain.o [5]
__exit                       0x284d    0x14  Code  Gb  exit.o [6]
__iar_Memset4_word           0x116d          Code  Gb  ABImemset48.o [5]
__iar_Memset8_word           0x116d          Code  Gb  ABImemset48.o [5]
__iar_Memset_word            0x1891          Code  Gb  ABImemset.o [5]
__iar_data_init3             0x2789    0x28  Code  Gb  data_init.o [5]
__iar_init_vfp               0x2885          Code  Wk  startup_TM4C1294.o [1]
__iar_packbits_init_single3
                              0xd97    0x3a  Code  Gb  packbits_init_single.o [5]
__iar_program_start          0x2861          Code  Gb  cstartup_M.o [5]
__iar_zero_init3             0x271f    0x38  Code  Gb  zero_init3.o [5]
__low_level_init             0x2837     0x4  Code  Gb  low_level_init.o [3]
__vector_table                  0x0          Data  Gb  startup_TM4C1294.o [1]
__vector_table_0x1c            0x1c          Data  Gb  startup_TM4C1294.o [1]
_call_main                   0x2825          Code  Gb  cmain.o [5]
_exit                        0x2841          Code  Gb  cexit.o [5]
exit                         0x283b     0x4  Code  Gb  exit.o [3]
g_pppui32XTALtoVCO           0x1f4c   0x1b0  Data  Lc  sysctl.o [4]
g_pui32VCOFrequencies        0x1f44     0x8  Data  Lc  sysctl.o [4]
g_pui32Xtals                 0x20fc    0x6c  Data  Lc  sysctl.o [4]
g_sXTALtoMEMTIM              0x2758    0x30  Data  Lc  sysctl.o [4]
main                         0x257b    0x38  Code  Gb  sinalizador.o [1]
osDelayUntil                 0x25fd    0x38  Code  Gb  rtx_delay.o [2]
osKernelGetState             0x1b01    0x40  Code  Gb  rtx_kernel.o [2]
osKernelGetTickCount         0x1b75    0x20  Code  Gb  rtx_kernel.o [2]
osKernelInitialize           0x1ac9    0x38  Code  Gb  rtx_kernel.o [2]
osKernelStart                0x1b41    0x34  Code  Gb  rtx_kernel.o [2]
osMessageQueueGet            0x1729    0x90  Code  Gb  rtx_msgqueue.o [2]
osMessageQueueNew            0x1651    0x3e  Code  Gb  rtx_msgqueue.o [2]
osMessageQueuePut            0x1691    0x98  Code  Gb  rtx_msgqueue.o [2]
osRtxConfig                  0x2670    0x68  Data  Gb  rtx_lib.o [1]
osRtxErrorNotify             0x1163     0x2  Code  Gb  RTX_Config.o [1]
osRtxIdleThread               0xf8f     0x2  Code  Gb  RTX_Config.o [1]
osRtxInfo               0x2000'0000    0xa4  Data  Gb  rtx_kernel.o [2]
osRtxKernelPreInit           0x1c87     0x2  Code  Gb  rtx_lib.o [1]
osRtxMemoryAlloc              0xeb9    0x84  Code  Gb  rtx_memory.o [2]
osRtxMemoryFree               0xf45    0x4a  Code  Gb  rtx_memory.o [2]
osRtxMemoryInit              0x1bcf    0x44  Code  Gb  rtx_memory.o [2]
osRtxMemoryPoolAlloc          0xe1d    0x44  Code  Gb  rtx_mempool.o [2]
osRtxMemoryPoolFree           0xe61    0x56  Code  Gb  rtx_mempool.o [2]
osRtxMemoryPoolInit           0xdd1    0x4a  Code  Gb  rtx_mempool.o [2]
osRtxMessageQueuePostProcess
                             0x1257    0xe6  Code  Lc  rtx_msgqueue.o [2]
osRtxMutexOwnerRelease        0xf91    0x52  Code  Gb  rtx_mutex.o [2]
osRtxPendSV_Handler          0x1065    0x88  Code  Gb  rtx_system.o [2]
osRtxPostProcess             0x10ed    0x6c  Code  Gb  rtx_system.o [2]
osRtxThreadBlock              0x629    0x34  Code  Lc  rtx_thread.o [2]
osRtxThreadDelayInsert        0x481    0x62  Code  Lc  rtx_thread.o [2]
osRtxThreadDelayRemove        0x4e3    0x44  Code  Lc  rtx_thread.o [2]
osRtxThreadDelayTick          0x527    0xee  Code  Gb  rtx_thread.o [2]
osRtxThreadDispatch           0x679    0x54  Code  Gb  rtx_thread.o [2]
osRtxThreadFree               0x957    0x54  Code  Lc  rtx_thread.o [2]
osRtxThreadListGet            0x44f    0x14  Code  Gb  rtx_thread.o [2]
osRtxThreadListPut            0x42d    0x22  Code  Gb  rtx_thread.o [2]
osRtxThreadListRemove         0x463    0x16  Code  Gb  rtx_thread.o [2]
osRtxThreadPostProcess        0x741    0x54  Code  Lc  rtx_thread.o [2]
osRtxThreadReadyPut           0x479     0x8  Code  Gb  rtx_thread.o [2]
osRtxThreadRegPtr             0x615    0x14  Code  Gb  rtx_thread.o [2]
osRtxThreadStackCheck         0xd69    0x28  Code  Gb  rtx_thread.o [2]
osRtxThreadStartup            0xbdf    0x30  Code  Gb  rtx_thread.o [2]
osRtxThreadSwitch             0x65d    0x1c  Code  Gb  rtx_thread.o [2]
osRtxThreadWaitEnter          0x707    0x3a  Code  Gb  rtx_thread.o [2]
osRtxThreadWaitExit           0x6d3    0x2e  Code  Gb  rtx_thread.o [2]
osRtxTick_Handler             0xff5    0x6e  Code  Gb  rtx_system.o [2]
osRtxTimerThread             0x26d9    0x44  Code  Gb  rtx_timer.o [2]
osRtxTimerTick               0x24e9    0x54  Code  Lc  rtx_timer.o [2]
osRtxUserSVC                 0x28a8     0x4  Data  Gb  rtx_lib.o [1]
osThreadExit                  0xc59    0x16  Code  Gb  rtx_thread.o [2]
osThreadFlagsSet              0xc7d    0x7a  Code  Gb  rtx_thread.o [2]
osThreadFlagsWait             0xcf9    0x42  Code  Gb  rtx_thread.o [2]
osThreadNew                   0xc11    0x40  Code  Gb  rtx_thread.o [2]
os_idle_thread_attr          0x27b0    0x24  Data  Lc  rtx_lib.o [1]
os_idle_thread_cb       0x2000'12f8    0x44  Data  Lc  rtx_lib.o [1]
os_idle_thread_stack    0x2000'10a8   0x100  Data  Lc  rtx_lib.o [1]
os_isr_queue            0x2000'1380    0x40  Data  Lc  rtx_lib.o [1]
os_mem                  0x2000'00a8  0x1000  Data  Lc  rtx_lib.o [1]
os_timer_mq_attr             0x2890    0x18  Data  Lc  rtx_lib.o [1]
os_timer_mq_cb          0x2000'13c0    0x34  Data  Lc  rtx_lib.o [1]
os_timer_mq_data        0x2000'12a8    0x50  Data  Lc  rtx_lib.o [1]
os_timer_thread_attr         0x27d4    0x24  Data  Lc  rtx_lib.o [1]
os_timer_thread_cb      0x2000'133c    0x44  Data  Lc  rtx_lib.o [1]
os_timer_thread_stack   0x2000'11a8   0x100  Data  Lc  rtx_lib.o [1]
svcRtxDelayUntil             0x25c1    0x3c  Code  Lc  rtx_delay.o [2]
svcRtxKernelGetState         0x1a1d    0x12  Code  Lc  rtx_kernel.o [2]
svcRtxKernelGetTickCount
                             0x1ac5     0x4  Code  Lc  rtx_kernel.o [2]
svcRtxKernelInitialize       0x18f1   0x12c  Code  Lc  rtx_kernel.o [2]
svcRtxKernelStart            0x1a2f    0x96  Code  Lc  rtx_kernel.o [2]
svcRtxMessageQueueGet        0x1541    0xe8  Code  Lc  rtx_msgqueue.o [2]
svcRtxMessageQueueNew        0x133d   0x130  Code  Lc  rtx_msgqueue.o [2]
svcRtxMessageQueuePut        0x146d    0xd4  Code  Lc  rtx_msgqueue.o [2]
svcRtxThreadExit              0x9ab    0x8e  Code  Lc  rtx_thread.o [2]
svcRtxThreadFlagsSet          0xa39    0x9c  Code  Lc  rtx_thread.o [2]
svcRtxThreadFlagsWait         0xad9   0x106  Code  Lc  rtx_thread.o [2]
svcRtxThreadNew               0x795   0x1bc  Code  Lc  rtx_thread.o [2]


[1] = E:\Universidade\2020_2\Sistemas Embarcados\Laboratorio6\Projects\sinalizador\ewarm\Obj
[2] = RTX_CM.a
[3] = dl7M_tln.a
[4] = driverlib.a
[5] = rt7M_tl.a
[6] = shb_l.a

   9'584 bytes of readonly  code memory
     841 bytes of readonly  data memory
  37'889 bytes of readwrite data memory

Errors: none
Warnings: none
